Archive member included because of file (symbol)

c:/altera/13.0sp1/nios2eds/bin/gnu/h-i686-mingw32/bin/../lib/gcc/nios2-elf/4.1.2/../../../../nios2-elf/lib/mno-hw-mul\libc.a(lib_a-puts.o)
                              obj/default/hello_world.o (puts)
c:/altera/13.0sp1/nios2eds/bin/gnu/h-i686-mingw32/bin/../lib/gcc/nios2-elf/4.1.2/../../../../nios2-elf/lib/mno-hw-mul\libc.a(lib_a-strlen.o)
                              c:/altera/13.0sp1/nios2eds/bin/gnu/h-i686-mingw32/bin/../lib/gcc/nios2-elf/4.1.2/../../../../nios2-elf/lib/mno-hw-mul\libc.a(lib_a-puts.o) (strlen)
c:/altera/13.0sp1/nios2eds/bin/gnu/h-i686-mingw32/bin/../lib/gcc/nios2-elf/4.1.2/../../../../nios2-elf/lib/mno-hw-mul\libc.a(lib_a-fvwrite.o)
                              c:/altera/13.0sp1/nios2eds/bin/gnu/h-i686-mingw32/bin/../lib/gcc/nios2-elf/4.1.2/../../../../nios2-elf/lib/mno-hw-mul\libc.a(lib_a-puts.o) (__sfvwrite_r)
c:/altera/13.0sp1/nios2eds/bin/gnu/h-i686-mingw32/bin/../lib/gcc/nios2-elf/4.1.2/../../../../nios2-elf/lib/mno-hw-mul\libc.a(lib_a-impure.o)
                              c:/altera/13.0sp1/nios2eds/bin/gnu/h-i686-mingw32/bin/../lib/gcc/nios2-elf/4.1.2/../../../../nios2-elf/lib/mno-hw-mul\libc.a(lib_a-puts.o) (_impure_ptr)
c:/altera/13.0sp1/nios2eds/bin/gnu/h-i686-mingw32/bin/../lib/gcc/nios2-elf/4.1.2/../../../../nios2-elf/lib/mno-hw-mul\libc.a(lib_a-mallocr.o)
                              c:/altera/13.0sp1/nios2eds/bin/gnu/h-i686-mingw32/bin/../lib/gcc/nios2-elf/4.1.2/../../../../nios2-elf/lib/mno-hw-mul\libc.a(lib_a-fvwrite.o) (_malloc_r)
c:/altera/13.0sp1/nios2eds/bin/gnu/h-i686-mingw32/bin/../lib/gcc/nios2-elf/4.1.2/../../../../nios2-elf/lib/mno-hw-mul\libc.a(lib_a-memchr.o)
                              c:/altera/13.0sp1/nios2eds/bin/gnu/h-i686-mingw32/bin/../lib/gcc/nios2-elf/4.1.2/../../../../nios2-elf/lib/mno-hw-mul\libc.a(lib_a-fvwrite.o) (memchr)
c:/altera/13.0sp1/nios2eds/bin/gnu/h-i686-mingw32/bin/../lib/gcc/nios2-elf/4.1.2/../../../../nios2-elf/lib/mno-hw-mul\libc.a(lib_a-memcpy.o)
                              c:/altera/13.0sp1/nios2eds/bin/gnu/h-i686-mingw32/bin/../lib/gcc/nios2-elf/4.1.2/../../../../nios2-elf/lib/mno-hw-mul\libc.a(lib_a-fvwrite.o) (memcpy)
c:/altera/13.0sp1/nios2eds/bin/gnu/h-i686-mingw32/bin/../lib/gcc/nios2-elf/4.1.2/../../../../nios2-elf/lib/mno-hw-mul\libc.a(lib_a-memmove.o)
                              c:/altera/13.0sp1/nios2eds/bin/gnu/h-i686-mingw32/bin/../lib/gcc/nios2-elf/4.1.2/../../../../nios2-elf/lib/mno-hw-mul\libc.a(lib_a-fvwrite.o) (memmove)
c:/altera/13.0sp1/nios2eds/bin/gnu/h-i686-mingw32/bin/../lib/gcc/nios2-elf/4.1.2/../../../../nios2-elf/lib/mno-hw-mul\libc.a(lib_a-reallocr.o)
                              c:/altera/13.0sp1/nios2eds/bin/gnu/h-i686-mingw32/bin/../lib/gcc/nios2-elf/4.1.2/../../../../nios2-elf/lib/mno-hw-mul\libc.a(lib_a-fvwrite.o) (_realloc_r)
c:/altera/13.0sp1/nios2eds/bin/gnu/h-i686-mingw32/bin/../lib/gcc/nios2-elf/4.1.2/../../../../nios2-elf/lib/mno-hw-mul\libc.a(lib_a-sbrkr.o)
                              c:/altera/13.0sp1/nios2eds/bin/gnu/h-i686-mingw32/bin/../lib/gcc/nios2-elf/4.1.2/../../../../nios2-elf/lib/mno-hw-mul\libc.a(lib_a-mallocr.o) (_sbrk_r)
c:/altera/13.0sp1/nios2eds/bin/gnu/h-i686-mingw32/bin/../lib/gcc/nios2-elf/4.1.2/../../../../nios2-elf/lib/mno-hw-mul\libc.a(lib_a-wsetup.o)
                              c:/altera/13.0sp1/nios2eds/bin/gnu/h-i686-mingw32/bin/../lib/gcc/nios2-elf/4.1.2/../../../../nios2-elf/lib/mno-hw-mul\libc.a(lib_a-fvwrite.o) (__swsetup_r)
c:/altera/13.0sp1/nios2eds/bin/gnu/h-i686-mingw32/bin/../lib/gcc/nios2-elf/4.1.2/../../../../nios2-elf/lib/mno-hw-mul\libc.a(lib_a-fflush.o)
                              c:/altera/13.0sp1/nios2eds/bin/gnu/h-i686-mingw32/bin/../lib/gcc/nios2-elf/4.1.2/../../../../nios2-elf/lib/mno-hw-mul\libc.a(lib_a-fvwrite.o) (_fflush_r)
c:/altera/13.0sp1/nios2eds/bin/gnu/h-i686-mingw32/bin/../lib/gcc/nios2-elf/4.1.2/../../../../nios2-elf/lib/mno-hw-mul\libc.a(lib_a-findfp.o)
                              c:/altera/13.0sp1/nios2eds/bin/gnu/h-i686-mingw32/bin/../lib/gcc/nios2-elf/4.1.2/../../../../nios2-elf/lib/mno-hw-mul\libc.a(lib_a-wsetup.o) (__sinit)
c:/altera/13.0sp1/nios2eds/bin/gnu/h-i686-mingw32/bin/../lib/gcc/nios2-elf/4.1.2/../../../../nios2-elf/lib/mno-hw-mul\libc.a(lib_a-freer.o)
                              c:/altera/13.0sp1/nios2eds/bin/gnu/h-i686-mingw32/bin/../lib/gcc/nios2-elf/4.1.2/../../../../nios2-elf/lib/mno-hw-mul\libc.a(lib_a-fvwrite.o) (_free_r)
c:/altera/13.0sp1/nios2eds/bin/gnu/h-i686-mingw32/bin/../lib/gcc/nios2-elf/4.1.2/../../../../nios2-elf/lib/mno-hw-mul\libc.a(lib_a-fwalk.o)
                              c:/altera/13.0sp1/nios2eds/bin/gnu/h-i686-mingw32/bin/../lib/gcc/nios2-elf/4.1.2/../../../../nios2-elf/lib/mno-hw-mul\libc.a(lib_a-fflush.o) (_fwalk_reent)
c:/altera/13.0sp1/nios2eds/bin/gnu/h-i686-mingw32/bin/../lib/gcc/nios2-elf/4.1.2/../../../../nios2-elf/lib/mno-hw-mul\libc.a(lib_a-int_errno.o)
[...]
Memory Configuration

Name             Origin             Length             Attributes
onchip_memory2_0 0x00000000         0x00001000
reset            0x01000000         0x00000020
sdram            0x01000020         0x007fffe0
*default*        0x00000000         0xffffffff

Linker script and memory map

LOAD ../example_bsp//obj/HAL/src/crt0.o
LOAD obj/default/hello_world.o
LOAD c:/altera/13.0sp1/nios2eds/bin/gnu/h-i686-mingw32/bin/../lib/gcc/nios2-elf/4.1.2/../../../../nios2-elf/lib/mno-hw-mul\libstdc++.a
LOAD c:/altera/13.0sp1/nios2eds/bin/gnu/h-i686-mingw32/bin/../lib/gcc/nios2-elf/4.1.2/../../../../nios2-elf/lib/mno-hw-mul\libm.a
LOAD c:/altera/13.0sp1/nios2eds/bin/gnu/h-i686-mingw32/bin/../lib/gcc/nios2-elf/4.1.2/mno-hw-mul\libgcc.a
START GROUP
LOAD c:/altera/13.0sp1/nios2eds/bin/gnu/h-i686-mingw32/bin/../lib/gcc/nios2-elf/4.1.2/../../../../nios2-elf/lib/mno-hw-mul\libc.a
LOAD c:/altera/13.0sp1/nios2eds/bin/gnu/h-i686-mingw32/bin/../lib/gcc/nios2-elf/4.1.2/mno-hw-mul\libgcc.a
LOAD ../example_bsp/\libhal_bsp.a
END GROUP
LOAD c:/altera/13.0sp1/nios2eds/bin/gnu/h-i686-mingw32/bin/../lib/gcc/nios2-elf/4.1.2/mno-hw-mul\libgcc.a
                0x00000000                __alt_mem_onchip_memory2_0 = 0x0
                0x01000000                __alt_mem_sdram = 0x1000000

.entry          0x01000000       0x20
 *(.entry)
 .entry         0x01000000       0x20 ../example_bsp//obj/HAL/src/crt0.o
                0x01000000                __reset

.exceptions     0x01000020      0x194
                0x01000020                PROVIDE (__ram_exceptions_start, ABSOLUTE (.))
                0x01000020                . = ALIGN (0x20)
 *(.irq)
 *(.exceptions.entry.label)
 .exceptions.entry.label
                0x01000020        0x0 ../example_bsp/\libhal_bsp.a(alt_irq_entry.o)
                0x01000020                alt_irq_entry
 .exceptions.entry.label
                0x01000020        0x0 ../example_bsp/\libhal_bsp.a(alt_exception_entry.o)
                0x01000020                alt_exception
 *(.exceptions.entry.user)
 *(.exceptions.entry)
 .exceptions.entry
                0x01000020       0x54 ../example_bsp/\libhal_bsp.a(alt_exception_entry.o)
 *(.exceptions.irqtest.user)
 *(.exceptions.irqtest)
 .exceptions.irqtest
                0x01000074       0x10 ../example_bsp/\libhal_bsp.a(alt_irq_entry.o)
 *(.exceptions.irqhandler.user)
 *(.exceptions.irqhandler)
 .exceptions.irqhandler
                0x01000084        0x4 ../example_bsp/\libhal_bsp.a(alt_irq_entry.o)
 *(.exceptions.irqreturn.user)
 *(.exceptions.irqreturn)
 .exceptions.irqreturn
                0x01000088        0x4 ../example_bsp/\libhal_bsp.a(alt_irq_entry.o)
 *(.exceptions.notirq.label)
 .exceptions.notirq.label
                0x0100008c        0x0 ../example_bsp/\libhal_bsp.a(alt_irq_entry.o)
 *(.exceptions.notirq.user)
 *(.exceptions.notirq)
 .exceptions.notirq
                0x0100008c        0x8 ../example_bsp/\libhal_bsp.a(alt_exception_entry.o)
 *(.exceptions.soft.user)
 *(.exceptions.soft)
 *(.exceptions.unknown.user)
 *(.exceptions.unknown)
 .exceptions.unknown
                0x01000094        0x4 ../example_bsp/\libhal_bsp.a(alt_exception_entry.o)
 *(.exceptions.exit.label)
 .exceptions.exit.label
                0x01000098        0x0 ../example_bsp/\libhal_bsp.a(alt_irq_entry.o)
 .exceptions.exit.label
                0x01000098        0x0 ../example_bsp/\libhal_bsp.a(alt_exception_entry.o)
 *(.exceptions.exit.user)
 *(.exceptions.exit)
 .exceptions.exit
                0x01000098       0x54 ../example_bsp/\libhal_bsp.a(alt_exception_entry.o)
 *(.exceptions)
 .exceptions    0x010000ec       0xc8 ../example_bsp/\libhal_bsp.a(alt_irq_handler.o)
                0x010000ec                alt_irq_handler
                0x010001b4                PROVIDE (__ram_exceptions_end, ABSOLUTE (.))
                0x01000020                PROVIDE (__flash_exceptions_start, LOADADDR (.exceptions))

.text           0x010001b4     0x5310
                0x010001b4                PROVIDE (stext, ABSOLUTE (.))
 *(.interp)
 *(.hash)
 *(.dynsym)
 *(.dynstr)
 *(.gnu.version)
 *(.gnu.version_d)
 *(.gnu.version_r)
 *(.rel.init)
 *(.rela.init)
 *(.rel.text .rel.text.* .rel.gnu.linkonce.t.*)
 *(.rela.text .rela.text.* .rela.gnu.linkonce.t.*)
 *(.rel.fini)
 *(.rela.fini)
 *(.rel.rodata .rel.rodata.* .rel.gnu.linkonce.r.*)
 *(.rela.rodata .rela.rodata.* .rela.gnu.linkonce.r.*)
 *(.rel.data .rel.data.* .rel.gnu.linkonce.d.*)
 *(.rela.data .rela.data.* .rela.gnu.linkonce.d.*)
 *(.rel.tdata .rel.tdata.* .rel.gnu.linkonce.td.*)
 *(.rela.tdata .rela.tdata.* .rela.gnu.linkonce.td.*)
 *(.rel.tbss .rel.tbss.* .rel.gnu.linkonce.tb.*)
 *(.rela.tbss .rela.tbss.* .rela.gnu.linkonce.tb.*)
 *(.rel.ctors)
 *(.rela.ctors)
 *(.rel.dtors)
 *(.rela.dtors)
 *(.rel.got)
 *(.rela.got)
 *(.rel.sdata .rel.sdata.* .rel.gnu.linkonce.s.*)
 *(.rela.sdata .rela.sdata.* .rela.gnu.linkonce.s.*)
 *(.rel.sbss .rel.sbss.* .rel.gnu.linkonce.sb.*)
 *(.rela.sbss .rela.sbss.* .rela.gnu.linkonce.sb.*)
 *(.rel.sdata2 .rel.sdata2.* .rel.gnu.linkonce.s2.*)
 *(.rela.sdata2 .rela.sdata2.* .rela.gnu.linkonce.s2.*)
 *(.rel.sbss2 .rel.sbss2.* .rel.gnu.linkonce.sb2.*)
 *(.rela.sbss2 .rela.sbss2.* .rela.gnu.linkonce.sb2.*)
 *(.rel.bss .rel.bss.* .rel.gnu.linkonce.b.*)
 *(.rela.bss .rela.bss.* .rela.gnu.linkonce.b.*)
 *(.rel.plt)
 *(.rela.plt)
 *(.rel.dyn)
 *(.init)
 *(.plt)
 *(.text .stub .text.* .gnu.linkonce.t.*)
 .text          0x010001b4       0x3c ../example_bsp//obj/HAL/src/crt0.o
                0x010001b4                _start
 .text          0x010001f0       0x30 obj/default/hello_world.o
                0x010001f0                main
 .text          0x01000220       0xb4 c:/altera/13.0sp1/nios2eds/bin/gnu/h-i686-mingw32/bin/../lib/gcc/nios2-elf/4.1.2/../../../../nios2-elf/lib/mno-hw-mul\libc.a(lib_a-puts.o)
                0x01000220                _puts_r
                0x010002c0                puts
 .text          0x010002d4       0x74 c:/altera/13.0sp1/nios2eds/bin/gnu/h-i686-mingw32/bin/../lib/gcc/nios2-elf/4.1.2/../../../../nios2-elf/lib/mno-hw-mul\libc.a(lib_a-strlen.o)
                0x010002d4                strlen
 .text          0x01000348      0x49c c:/altera/13.0sp1/nios2eds/bin/gnu/h-i686-mingw32/bin/../lib/gcc/nios2-elf/4.1.2/../../../../nios2-elf/lib/mno-hw-mul\libc.a(lib_a-fvwrite.o)
                0x01000348                __sfvwrite_r
 .text          0x010007e4        0x0 c:/altera/13.0sp1/nios2eds/bin/gnu/h-i686-mingw32/bin/../lib/gcc/nios2-elf/4.1.2/../../../../nios2-elf/lib/mno-hw-mul\libc.a(lib_a-impure.o)
 .text          0x010007e4      0x740 c:/altera/13.0sp1/nios2eds/bin/gnu/h-i686-mingw32/bin/../lib/gcc/nios2-elf/4.1.2/../../../../nios2-elf/lib/mno-hw-mul\libc.a(lib_a-mallocr.o)
                0x010007e4                _malloc_r
 .text          0x01000f24       0xe4 c:/altera/13.0sp1/nios2eds/bin/gnu/h-i686-mingw32/bin/../lib/gcc/nios2-elf/4.1.2/../../../../nios2-elf/lib/mno-hw-mul\libc.a(lib_a-memchr.o)
                0x01000f24                memchr
 .text          0x01001008       0xa0 c:/altera/13.0sp1/nios2eds/bin/gnu/h-i686-mingw32/bin/../lib/gcc/nios2-elf/4.1.2/../../../../nios2-elf/lib/mno-hw-mul\libc.a(lib_a-memcpy.o)
                0x01001008                memcpy
 .text          0x010010a8       0xe0 c:/altera/13.0sp1/nios2eds/bin/gnu/h-i686-mingw32/bin/../lib/gcc/nios2-elf/4.1.2/../../../../nios2-elf/lib/mno-hw-mul\libc.a(lib_a-memmove.o)
                0x010010a8                memmove
 .text          0x01001188      0x5f4 c:/altera/13.0sp1/nios2eds/bin/gnu/h-i686-mingw32/bin/../lib/gcc/nios2-elf/4.1.2/../../../../nios2-elf/lib/mno-hw-mul\libc.a(lib_a-reallocr.o)
                0x01001188                _realloc_r
 .text          0x0100177c       0x70 c:/altera/13.0sp1/nios2eds/bin/gnu/h-i686-mingw32/bin/../lib/gcc/nios2-elf/4.1.2/../../../../nios2-elf/lib/mno-hw-mul\libc.a(lib_a-sbrkr.o)
                0x0100177c                _sbrk_r
 .text          0x010017ec      0x13c c:/altera/13.0sp1/nios2eds/bin/gnu/h-i686-mingw32/bin/../lib/gcc/nios2-elf/4.1.2/../../../../nios2-elf/lib/mno-hw-mul\libc.a(lib_a-wsetup.o)
                0x010017ec                __swsetup_r
 .text          0x01001928      0x230 c:/altera/13.0sp1/nios2eds/bin/gnu/h-i686-mingw32/bin/../lib/gcc/nios2-elf/4.1.2/../../../../nios2-elf/lib/mno-hw-mul\libc.a(lib_a-fflush.o)
                0x01001928                _fflush_r
                0x01001b24                fflush
 .text          0x01001b58      0x2f4 c:/altera/13.0sp1/nios2eds/bin/gnu/h-i686-mingw32/bin/../lib/gcc/nios2-elf/4.1.2/../../../../nios2-elf/lib/mno-hw-mul\libc.a(lib_a-findfp.o)
                0x01001bb0                __sfp_lock_acquire
                0x01001bb4                __sfp_lock_release
                0x01001bb8                __sinit_lock_acquire
                0x01001bbc                __sinit_lock_release
                0x01001bc0                __sinit
                0x01001c74                __fp_unlock_all
                0x01001c8c                __fp_lock_all
                0x01001ca4                _cleanup_r
                0x01001cb0                _cleanup
                0x01001cc0                __sfmoreglue
                0x01001d5c                __sfp
 .text          0x01001e4c      0x440 c:/altera/13.0sp1/nios2eds/bin/gnu/h-i686-mingw32/bin/../lib/gcc/nios2-elf/4.1.2/../../../../nios2-elf/lib/mno-hw-mul\libc.a(lib_a-freer.o)
                0x01001e4c                _malloc_trim_r
                0x01001f78                _free_r
 .text          0x0100228c      0x180 c:/altera/13.0sp1/nios2eds/bin/gnu/h-i686-mingw32/bin/../lib/gcc/nios2-elf/4.1.2/../../../../nios2-elf/lib/mno-hw-mul\libc.a(lib_a-fwalk.o)
                0x0100228c                _fwalk_reent
                0x01002354                _fwalk
 .text          0x0100240c        0x0 c:/altera/13.0sp1/nios2eds/bin/gnu/h-i686-mingw32/bin/../lib/gcc/nios2-elf/4.1.2/../../../../nios2-elf/lib/mno-hw-mul\libc.a(lib_a-int_errno.o)
 .text          0x0100240c      0x194 c:/altera/13.0sp1/nios2eds/bin/gnu/h-i686-mingw32/bin/../lib/gcc/nios2-elf/4.1.2/../../../../nios2-elf/lib/mno-hw-mul\libc.a(lib_a-makebuf.o)
                0x0100240c                __smakebuf_r
 .text          0x010025a0       0x98 c:/altera/13.0sp1/nios2eds/bin/gnu/h-i686-mingw32/bin/../lib/gcc/nios2-elf/4.1.2/../../../../nios2-elf/lib/mno-hw-mul\libc.a(lib_a-memset.o)
                0x010025a0                memset
 .text          0x01002638      0x14c c:/altera/13.0sp1/nios2eds/bin/gnu/h-i686-mingw32/bin/../lib/gcc/nios2-elf/4.1.2/../../../../nios2-elf/lib/mno-hw-mul\libc.a(lib_a-stdio.o)
                0x01002638                __sclose
                0x01002640                __sseek
                0x010026a8                __swrite
                0x01002724                __sread
 .text          0x01002784       0x78 c:/altera/13.0sp1/nios2eds/bin/gnu/h-i686-mingw32/bin/../lib/gcc/nios2-elf/4.1.2/../../../../nios2-elf/lib/mno-hw-mul\libc.a(lib_a-writer.o)
                0x01002784                _write_r
 .text          0x010027fc       0x70 c:/altera/13.0sp1/nios2eds/bin/gnu/h-i686-mingw32/bin/../lib/gcc/nios2-elf/4.1.2/../../../../nios2-elf/lib/mno-hw-mul\libc.a(lib_a-closer.o)
                0x010027fc                _close_r
 .text          0x0100286c      0x124 c:/altera/13.0sp1/nios2eds/bin/gnu/h-i686-mingw32/bin/../lib/gcc/nios2-elf/4.1.2/../../../../nios2-elf/lib/mno-hw-mul\libc.a(lib_a-fclose.o)
                0x0100286c                _fclose_r
                0x0100297c                fclose
 .text          0x01002990       0x74 c:/altera/13.0sp1/nios2eds/bin/gnu/h-i686-mingw32/bin/../lib/gcc/nios2-elf/4.1.2/../../../../nios2-elf/lib/mno-hw-mul\libc.a(lib_a-fstatr.o)
                0x01002990                _fstat_r
 .text          0x01002a04       0x70 c:/altera/13.0sp1/nios2eds/bin/gnu/h-i686-mingw32/bin/../lib/gcc/nios2-elf/4.1.2/../../../../nios2-elf/lib/mno-hw-mul\libc.a(lib_a-isattyr.o)
                0x01002a04                _isatty_r
 .text          0x01002a74       0x78 c:/altera/13.0sp1/nios2eds/bin/gnu/h-i686-mingw32/bin/../lib/gcc/nios2-elf/4.1.2/../../../../nios2-elf/lib/mno-hw-mul\libc.a(lib_a-lseekr.o)
                0x01002a74                _lseek_r
 .text          0x01002aec       0x78 c:/altera/13.0sp1/nios2eds/bin/gnu/h-i686-mingw32/bin/../lib/gcc/nios2-elf/4.1.2/../../../../nios2-elf/lib/mno-hw-mul\libc.a(lib_a-readr.o)
                0x01002aec                _read_r
 .text          0x01002b64       0x38 c:/altera/13.0sp1/nios2eds/bin/gnu/h-i686-mingw32/bin/../lib/gcc/nios2-elf/4.1.2/mno-hw-mul\libgcc.a(lib2-mul.o)
                0x01002b64                __mulsi3
 .text          0x01002b9c      0x160 ../example_bsp/\libhal_bsp.a(alt_close.o)
                0x01002b9c                close
 .text          0x01002cfc       0x2c ../example_bsp/\libhal_bsp.a(alt_dev.o)
 .text          0x01002d28        0x0 ../example_bsp/\libhal_bsp.a(alt_errno.o)
 .text          0x01002d28      0x138 ../example_bsp/\libhal_bsp.a(alt_fstat.o)
                0x01002d28                fstat
 .text          0x01002e60      0x124 ../example_bsp/\libhal_bsp.a(alt_isatty.o)
                0x01002e60                isatty
 .text          0x01002f84       0xec ../example_bsp/\libhal_bsp.a(alt_load.o)
                0x01002f84                alt_load
 .text          0x01003070      0x154 ../example_bsp/\libhal_bsp.a(alt_lseek.o)
                0x01003070                lseek
 .text          0x010031c4       0x6c ../example_bsp/\libhal_bsp.a(alt_main.o)
                0x010031c4                alt_main
 .text          0x01003230       0x40 ../example_bsp/\libhal_bsp.a(alt_malloc_lock.o)
                0x01003230                __malloc_lock
                0x01003250                __malloc_unlock
 .text          0x01003270      0x184 ../example_bsp/\libhal_bsp.a(alt_read.o)
                0x01003270                read
 .text          0x010033f4       0x78 ../example_bsp/\libhal_bsp.a(alt_release_fd.o)
                0x010033f4                alt_release_fd
 .text          0x0100346c       0xbc ../example_bsp/\libhal_bsp.a(alt_sbrk.o)
                0x0100346c                sbrk
 .text          0x01003528      0x184 ../example_bsp/\libhal_bsp.a(alt_write.o)
                0x01003528                write
 .text          0x010036ac       0xb0 ../example_bsp/\libhal_bsp.a(alt_sys_init.o)
                0x010036ac                alt_irq_init
                0x010036e0                alt_sys_init
 .text          0x0100375c      0x148 ../example_bsp/\libhal_bsp.a(altera_avalon_jtag_uart_fd.o)
                0x0100375c                altera_avalon_jtag_uart_read_fd
                0x010037b4                altera_avalon_jtag_uart_write_fd
                0x0100380c                altera_avalon_jtag_uart_close_fd
                0x01003854                altera_avalon_jtag_uart_ioctl_fd
 .text          0x010038a4      0x40c ../example_bsp/\libhal_bsp.a(altera_avalon_jtag_uart_init.o)
                0x010038a4                altera_avalon_jtag_uart_init
                0x01003c3c                altera_avalon_jtag_uart_close
 .text          0x01003cb0       0xf4 ../example_bsp/\libhal_bsp.a(altera_avalon_jtag_uart_ioctl.o)
                0x01003cb0                altera_avalon_jtag_uart_ioctl
 .text          0x01003da4      0x224 ../example_bsp/\libhal_bsp.a(altera_avalon_jtag_uart_read.o)
                0x01003da4                altera_avalon_jtag_uart_read
 .text          0x01003fc8      0x240 ../example_bsp/\libhal_bsp.a(altera_avalon_jtag_uart_write.o)
                0x01003fc8                altera_avalon_jtag_uart_write
 .text          0x01004208      0x154 ../example_bsp/\libhal_bsp.a(alt_alarm_start.o)
                0x01004208                alt_alarm_start
 .text          0x0100435c       0x1c ../example_bsp/\libhal_bsp.a(alt_dcache_flush_all.o)
                0x0100435c                alt_dcache_flush_all
 .text          0x01004378      0x114 ../example_bsp/\libhal_bsp.a(alt_dev_llist_insert.o)
                0x01004378                alt_dev_llist_insert
 .text          0x0100448c       0x64 ../example_bsp/\libhal_bsp.a(alt_do_ctors.o)
                0x0100448c                _do_ctors
 .text          0x010044f0       0x64 ../example_bsp/\libhal_bsp.a(alt_do_dtors.o)
                0x010044f0                _do_dtors
 .text          0x01004554       0x1c ../example_bsp/\libhal_bsp.a(alt_icache_flush_all.o)
                0x01004554                alt_icache_flush_all
 .text          0x01004570      0x1d4 ../example_bsp/\libhal_bsp.a(alt_iic.o)
                0x01004570                alt_ic_isr_register
                0x010045c0                alt_ic_irq_enable
                0x0100465c                alt_ic_irq_disable
                0x010046fc                alt_ic_irq_enabled
 .text          0x01004744       0xf8 ../example_bsp/\libhal_bsp.a(alt_iic_isr_register.o)
                0x01004744                alt_iic_isr_register
 .text          0x0100483c      0x150 ../example_bsp/\libhal_bsp.a(alt_io_redirect.o)
                0x01004914                alt_io_redirect
 .text          0x0100498c        0x0 ../example_bsp/\libhal_bsp.a(alt_irq_entry.o)
 .text          0x0100498c        0x0 ../example_bsp/\libhal_bsp.a(alt_irq_handler.o)
 .text          0x0100498c        0x0 ../example_bsp/\libhal_bsp.a(alt_irq_vars.o)
 .text          0x0100498c      0x2e4 ../example_bsp/\libhal_bsp.a(alt_open.o)
                0x01004a84                open
 .text          0x01004c70      0x1a4 ../example_bsp/\libhal_bsp.a(alt_tick.o)
                0x01004c70                alt_alarm_stop
                0x01004d08                alt_tick
 .text          0x01004e14       0x20 ../example_bsp/\libhal_bsp.a(altera_nios2_qsys_irq.o)
                0x01004e14                altera_nios2_qsys_irq_init
 .text          0x01004e34        0x0 ../example_bsp/\libhal_bsp.a(alt_exception_entry.o)
 .text          0x01004e34       0x94 ../example_bsp/\libhal_bsp.a(alt_find_dev.o)
                0x01004e34                alt_find_dev
 .text          0x01004ec8      0x120 ../example_bsp/\libhal_bsp.a(alt_find_file.o)
                0x01004ec8                alt_find_file
 .text          0x01004fe8       0xd0 ../example_bsp/\libhal_bsp.a(alt_get_fd.o)
                0x01004fe8                alt_get_fd
 .text          0x010050b8       0x14 c:/altera/13.0sp1/nios2eds/bin/gnu/h-i686-mingw32/bin/../lib/gcc/nios2-elf/4.1.2/../../../../nios2-elf/lib/mno-hw-mul\libc.a(lib_a-atexit.o)
                0x010050b8                atexit
 .text          0x010050cc       0x38 c:/altera/13.0sp1/nios2eds/bin/gnu/h-i686-mingw32/bin/../lib/gcc/nios2-elf/4.1.2/../../../../nios2-elf/lib/mno-hw-mul\libc.a(lib_a-exit.o)
                0x010050cc                exit
 .text          0x01005104       0x74 c:/altera/13.0sp1/nios2eds/bin/gnu/h-i686-mingw32/bin/../lib/gcc/nios2-elf/4.1.2/../../../../nios2-elf/lib/mno-hw-mul\libc.a(lib_a-memcmp.o)
                0x01005104                memcmp
 .text          0x01005178      0x134 c:/altera/13.0sp1/nios2eds/bin/gnu/h-i686-mingw32/bin/../lib/gcc/nios2-elf/4.1.2/../../../../nios2-elf/lib/mno-hw-mul\libc.a(lib_a-__atexit.o)
                0x01005178                __register_exitproc
 .text          0x010052ac      0x1b4 c:/altera/13.0sp1/nios2eds/bin/gnu/h-i686-mingw32/bin/../lib/gcc/nios2-elf/4.1.2/../../../../nios2-elf/lib/mno-hw-mul\libc.a(lib_a-__call_atexit.o)
                0x010052b0                __call_exitprocs
 .text          0x01005460       0x60 ../example_bsp/\libhal_bsp.a(alt_exit.o)
                0x010054a0                _exit
 *(.gnu.warning.*)
 *(.fini)
                0x010054c0                PROVIDE (__etext, ABSOLUTE (.))
                0x010054c0                PROVIDE (_etext, ABSOLUTE (.))
                0x010054c0                PROVIDE (etext, ABSOLUTE (.))
 *(.eh_frame_hdr)
                0x010054c0                . = ALIGN (0x4)
                0x010054c0                PROVIDE (__preinit_array_start, ABSOLUTE (.))
 *(.preinit_array)
                0x010054c0                PROVIDE (__preinit_array_end, ABSOLUTE (.))
                0x010054c0                PROVIDE (__init_array_start, ABSOLUTE (.))
 *(.init_array)
                0x010054c0                PROVIDE (__init_array_end, ABSOLUTE (.))
                0x010054c0                PROVIDE (__fini_array_start, ABSOLUTE (.))
 *(.fini_array)
                0x010054c0                PROVIDE (__fini_array_end, ABSOLUTE (.))
 *(.eh_frame)
 *(.gcc_except_table)
 *(.dynamic)
                0x010054c0                PROVIDE (__CTOR_LIST__, ABSOLUTE (.))
 *(.ctors)
 *(SORT(.ctors.*))
 .ctors.65535   0x010054c0        0x4 c:/altera/13.0sp1/nios2eds/bin/gnu/h-i686-mingw32/bin/../lib/gcc/nios2-elf/4.1.2/../../../../nios2-elf/lib/mno-hw-mul\libc.a(lib_a-__call_atexit.o)
                0x010054c4                PROVIDE (__CTOR_END__, ABSOLUTE (.))
                0x010054c4                PROVIDE (__DTOR_LIST__, ABSOLUTE (.))
 *(.dtors)
 *(SORT(.dtors.*))
                0x010054c4                PROVIDE (__DTOR_END__, ABSOLUTE (.))
 *(.jcr)
                0x010054c4                . = ALIGN (0x4)

.rodata         0x010054c4       0x68
                0x010054c4                PROVIDE (__ram_rodata_start, ABSOLUTE (.))
                0x010054c4                . = ALIGN (0x4)
 *(.rodata .rodata.* .gnu.linkonce.r.*)
 .rodata        0x010054c4       0x2c obj/default/hello_world.o
 .rodata.str1.4
                0x010054f0        0x2 c:/altera/13.0sp1/nios2eds/bin/gnu/h-i686-mingw32/bin/../lib/gcc/nios2-elf/4.1.2/../../../../nios2-elf/lib/mno-hw-mul\libc.a(lib_a-puts.o)
                                  0x4 (size before relaxing)
 *fill*         0x010054f2        0x2 00
 .rodata.str1.4
                0x010054f4        0x4 c:/altera/13.0sp1/nios2eds/bin/gnu/h-i686-mingw32/bin/../lib/gcc/nios2-elf/4.1.2/../../../../nios2-elf/lib/mno-hw-mul\libc.a(lib_a-impure.o)
 .rodata        0x010054f8        0xc ../example_bsp/\libhal_bsp.a(alt_dev.o)
 .rodata        0x01005504       0x14 ../example_bsp/\libhal_bsp.a(alt_main.o)
 .rodata        0x01005518       0x14 ../example_bsp/\libhal_bsp.a(alt_sys_init.o)
 *(.rodata1)
                0x0100552c                . = ALIGN (0x4)
                0x0100552c                PROVIDE (__ram_rodata_end, ABSOLUTE (.))
                0x010054c4                PROVIDE (__flash_rodata_start, LOADADDR (.rodata))

.rwdata         0x0100552c     0x1a48 load address 0x01006f74
                0x0100552c                PROVIDE (__ram_rwdata_start, ABSOLUTE (.))
                0x0100552c                . = ALIGN (0x4)
 *(.got.plt)
 *(.got)
 *(.data1)
 *(.data .data.* .gnu.linkonce.d.*)
 .data          0x0100552c        0x0 ../example_bsp//obj/HAL/src/crt0.o
 .data          0x0100552c        0x0 obj/default/hello_world.o
 .data          0x0100552c        0x0 c:/altera/13.0sp1/nios2eds/bin/gnu/h-i686-mingw32/bin/../lib/gcc/nios2-elf/4.1.2/../../../../nios2-elf/lib/mno-hw-mul\libc.a(lib_a-puts.o)
 .data          0x0100552c        0x0 c:/altera/13.0sp1/nios2eds/bin/gnu/h-i686-mingw32/bin/../lib/gcc/nios2-elf/4.1.2/../../../../nios2-elf/lib/mno-hw-mul\libc.a(lib_a-strlen.o)
 .data          0x0100552c        0x0 c:/altera/13.0sp1/nios2eds/bin/gnu/h-i686-mingw32/bin/../lib/gcc/nios2-elf/4.1.2/../../../../nios2-elf/lib/mno-hw-mul\libc.a(lib_a-fvwrite.o)
 .data          0x0100552c      0x400 c:/altera/13.0sp1/nios2eds/bin/gnu/h-i686-mingw32/bin/../lib/gcc/nios2-elf/4.1.2/../../../../nios2-elf/lib/mno-hw-mul\libc.a(lib_a-impure.o)
 .data          0x0100592c      0x408 c:/altera/13.0sp1/nios2eds/bin/gnu/h-i686-mingw32/bin/../lib/gcc/nios2-elf/4.1.2/../../../../nios2-elf/lib/mno-hw-mul\libc.a(lib_a-mallocr.o)
                0x0100592c                __malloc_av_
 .data          0x01005d34        0x0 c:/altera/13.0sp1/nios2eds/bin/gnu/h-i686-mingw32/bin/../lib/gcc/nios2-elf/4.1.2/../../../../nios2-elf/lib/mno-hw-mul\libc.a(lib_a-memchr.o)
 .data          0x01005d34        0x0 c:/altera/13.0sp1/nios2eds/bin/gnu/h-i686-mingw32/bin/../lib/gcc/nios2-elf/4.1.2/../../../../nios2-elf/lib/mno-hw-mul\libc.a(lib_a-memcpy.o)
 .data          0x01005d34        0x0 c:/altera/13.0sp1/nios2eds/bin/gnu/h-i686-mingw32/bin/../lib/gcc/nios2-elf/4.1.2/../../../../nios2-elf/lib/mno-hw-mul\libc.a(lib_a-memmove.o)
 .data          0x01005d34        0x0 c:/altera/13.0sp1/nios2eds/bin/gnu/h-i686-mingw32/bin/../lib/gcc/nios2-elf/4.1.2/../../../../nios2-elf/lib/mno-hw-mul\libc.a(lib_a-reallocr.o)
 .data          0x01005d34        0x0 c:/altera/13.0sp1/nios2eds/bin/gnu/h-i686-mingw32/bin/../lib/gcc/nios2-elf/4.1.2/../../../../nios2-elf/lib/mno-hw-mul\libc.a(lib_a-sbrkr.o)
 .data          0x01005d34        0x0 c:/altera/13.0sp1/nios2eds/bin/gnu/h-i686-mingw32/bin/../lib/gcc/nios2-elf/4.1.2/../../../../nios2-elf/lib/mno-hw-mul\libc.a(lib_a-wsetup.o)
 .data          0x01005d34        0x0 c:/altera/13.0sp1/nios2eds/bin/gnu/h-i686-mingw32/bin/../lib/gcc/nios2-elf/4.1.2/../../../../nios2-elf/lib/mno-hw-mul\libc.a(lib_a-fflush.o)
 .data          0x01005d34        0x0 c:/altera/13.0sp1/nios2eds/bin/gnu/h-i686-mingw32/bin/../lib/gcc/nios2-elf/4.1.2/../../../../nios2-elf/lib/mno-hw-mul\libc.a(lib_a-findfp.o)
 .data          0x01005d34        0x0 c:/altera/13.0sp1/nios2eds/bin/gnu/h-i686-mingw32/bin/../lib/gcc/nios2-elf/4.1.2/../../../../nios2-elf/lib/mno-hw-mul\libc.a(lib_a-freer.o)
 .data          0x01005d34        0x0 c:/altera/13.0sp1/nios2eds/bin/gnu/h-i686-mingw32/bin/../lib/gcc/nios2-elf/4.1.2/../../../../nios2-elf/lib/mno-hw-mul\libc.a(lib_a-fwalk.o)
 .data          0x01005d34        0x0 c:/altera/13.0sp1/nios2eds/bin/gnu/h-i686-mingw32/bin/../lib/gcc/nios2-elf/4.1.2/../../../../nios2-elf/lib/mno-hw-mul\libc.a(lib_a-int_errno.o)
 .data          0x01005d34        0x0 c:/altera/13.0sp1/nios2eds/bin/gnu/h-i686-mingw32/bin/../lib/gcc/nios2-elf/4.1.2/../../../../nios2-elf/lib/mno-hw-mul\libc.a(lib_a-makebuf.o)
 .data          0x01005d34        0x0 c:/altera/13.0sp1/nios2eds/bin/gnu/h-i686-mingw32/bin/../lib/gcc/nios2-elf/4.1.2/../../../../nios2-elf/lib/mno-hw-mul\libc.a(lib_a-memset.o)
 .data          0x01005d34        0x0 c:/altera/13.0sp1/nios2eds/bin/gnu/h-i686-mingw32/bin/../lib/gcc/nios2-elf/4.1.2/../../../../nios2-elf/lib/mno-hw-mul\libc.a(lib_a-stdio.o)
 .data          0x01005d34        0x0 c:/altera/13.0sp1/nios2eds/bin/gnu/h-i686-mingw32/bin/../lib/gcc/nios2-elf/4.1.2/../../../../nios2-elf/lib/mno-hw-mul\libc.a(lib_a-writer.o)
 .data          0x01005d34        0x0 c:/altera/13.0sp1/nios2eds/bin/gnu/h-i686-mingw32/bin/../lib/gcc/nios2-elf/4.1.2/../../../../nios2-elf/lib/mno-hw-mul\libc.a(lib_a-closer.o)
 .data          0x01005d34        0x0 c:/altera/13.0sp1/nios2eds/bin/gnu/h-i686-mingw32/bin/../lib/gcc/nios2-elf/4.1.2/../../../../nios2-elf/lib/mno-hw-mul\libc.a(lib_a-fclose.o)
 .data          0x01005d34        0x0 c:/altera/13.0sp1/nios2eds/bin/gnu/h-i686-mingw32/bin/../lib/gcc/nios2-elf/4.1.2/../../../../nios2-elf/lib/mno-hw-mul\libc.a(lib_a-fstatr.o)
 .data          0x01005d34        0x0 c:/altera/13.0sp1/nios2eds/bin/gnu/h-i686-mingw32/bin/../lib/gcc/nios2-elf/4.1.2/../../../../nios2-elf/lib/mno-hw-mul\libc.a(lib_a-isattyr.o)
 .data          0x01005d34        0x0 c:/altera/13.0sp1/nios2eds/bin/gnu/h-i686-mingw32/bin/../lib/gcc/nios2-elf/4.1.2/../../../../nios2-elf/lib/mno-hw-mul\libc.a(lib_a-lseekr.o)
 .data          0x01005d34        0x0 c:/altera/13.0sp1/nios2eds/bin/gnu/h-i686-mingw32/bin/../lib/gcc/nios2-elf/4.1.2/../../../../nios2-elf/lib/mno-hw-mul\libc.a(lib_a-readr.o)
 .data          0x01005d34        0x0 c:/altera/13.0sp1/nios2eds/bin/gnu/h-i686-mingw32/bin/../lib/gcc/nios2-elf/4.1.2/mno-hw-mul\libgcc.a(lib2-mul.o)
 .data          0x01005d34        0x0 ../example_bsp/\libhal_bsp.a(alt_close.o)
 .data          0x01005d34      0x1a8 ../example_bsp/\libhal_bsp.a(alt_dev.o)
                0x01005d34                alt_dev_null
                0x01005d5c                alt_fd_list
 .data          0x01005edc        0x0 ../example_bsp/\libhal_bsp.a(alt_errno.o)
 .data          0x01005edc        0x0 ../example_bsp/\libhal_bsp.a(alt_fstat.o)
 .data          0x01005edc        0x0 ../example_bsp/\libhal_bsp.a(alt_isatty.o)
 .data          0x01005edc        0x0 ../example_bsp/\libhal_bsp.a(alt_load.o)
 .data          0x01005edc        0x0 ../example_bsp/\libhal_bsp.a(alt_lseek.o)
 .data          0x01005edc        0x0 ../example_bsp/\libhal_bsp.a(alt_main.o)
 .data          0x01005edc        0x0 ../example_bsp/\libhal_bsp.a(alt_malloc_lock.o)
 .data          0x01005edc        0x0 ../example_bsp/\libhal_bsp.a(alt_read.o)
 .data          0x01005edc        0x0 ../example_bsp/\libhal_bsp.a(alt_release_fd.o)
 .data          0x01005edc        0x0 ../example_bsp/\libhal_bsp.a(alt_sbrk.o)
 .data          0x01005edc        0x0 ../example_bsp/\libhal_bsp.a(alt_write.o)
 .data          0x01005edc     0x1060 ../example_bsp/\libhal_bsp.a(alt_sys_init.o)
 .data          0x01006f3c        0x0 ../example_bsp/\libhal_bsp.a(altera_avalon_jtag_uart_fd.o)
 .data          0x01006f3c        0x0 ../example_bsp/\libhal_bsp.a(altera_avalon_jtag_uart_init.o)
 .data          0x01006f3c        0x0 ../example_bsp/\libhal_bsp.a(altera_avalon_jtag_uart_ioctl.o)
 .data          0x01006f3c        0x0 ../example_bsp/\libhal_bsp.a(altera_avalon_jtag_uart_read.o)
 .data          0x01006f3c        0x0 ../example_bsp/\libhal_bsp.a(altera_avalon_jtag_uart_write.o)
 .data          0x01006f3c        0x0 ../example_bsp/\libhal_bsp.a(alt_alarm_start.o)
 .data          0x01006f3c        0x0 ../example_bsp/\libhal_bsp.a(alt_dcache_flush_all.o)
 .data          0x01006f3c        0x0 ../example_bsp/\libhal_bsp.a(alt_dev_llist_insert.o)
 .data          0x01006f3c        0x0 ../example_bsp/\libhal_bsp.a(alt_do_ctors.o)
 .data          0x01006f3c        0x0 ../example_bsp/\libhal_bsp.a(alt_do_dtors.o)
 .data          0x01006f3c        0x0 ../example_bsp/\libhal_bsp.a(alt_icache_flush_all.o)
 .data          0x01006f3c        0x0 ../example_bsp/\libhal_bsp.a(alt_iic.o)
 .data          0x01006f3c        0x0 ../example_bsp/\libhal_bsp.a(alt_iic_isr_register.o)
 .data          0x01006f3c        0x0 ../example_bsp/\libhal_bsp.a(alt_io_redirect.o)
 .data          0x01006f3c        0x0 ../example_bsp/\libhal_bsp.a(alt_irq_entry.o)
 .data          0x01006f3c        0x0 ../example_bsp/\libhal_bsp.a(alt_irq_handler.o)
 .data          0x01006f3c        0x0 ../example_bsp/\libhal_bsp.a(alt_irq_vars.o)
 .data          0x01006f3c        0x0 ../example_bsp/\libhal_bsp.a(alt_open.o)
 .data          0x01006f3c        0x0 ../example_bsp/\libhal_bsp.a(alt_tick.o)
 .data          0x01006f3c        0x0 ../example_bsp/\libhal_bsp.a(altera_nios2_qsys_irq.o)
 .data          0x01006f3c        0x0 ../example_bsp/\libhal_bsp.a(alt_exception_entry.o)
 .data          0x01006f3c        0x0 ../example_bsp/\libhal_bsp.a(alt_find_dev.o)
 .data          0x01006f3c        0x0 ../example_bsp/\libhal_bsp.a(alt_find_file.o)
 .data          0x01006f3c        0x0 ../example_bsp/\libhal_bsp.a(alt_get_fd.o)
 .data          0x01006f3c        0x0 c:/altera/13.0sp1/nios2eds/bin/gnu/h-i686-mingw32/bin/../lib/gcc/nios2-elf/4.1.2/../../../../nios2-elf/lib/mno-hw-mul\libc.a(lib_a-atexit.o)
 .data          0x01006f3c        0x0 c:/altera/13.0sp1/nios2eds/bin/gnu/h-i686-mingw32/bin/../lib/gcc/nios2-elf/4.1.2/../../../../nios2-elf/lib/mno-hw-mul\libc.a(lib_a-exit.o)
 .data          0x01006f3c        0x0 c:/altera/13.0sp1/nios2eds/bin/gnu/h-i686-mingw32/bin/../lib/gcc/nios2-elf/4.1.2/../../../../nios2-elf/lib/mno-hw-mul\libc.a(lib_a-memcmp.o)
 .data          0x01006f3c        0x0 c:/altera/13.0sp1/nios2eds/bin/gnu/h-i686-mingw32/bin/../lib/gcc/nios2-elf/4.1.2/../../../../nios2-elf/lib/mno-hw-mul\libc.a(lib_a-__atexit.o)
 .data          0x01006f3c        0x0 c:/altera/13.0sp1/nios2eds/bin/gnu/h-i686-mingw32/bin/../lib/gcc/nios2-elf/4.1.2/../../../../nios2-elf/lib/mno-hw-mul\libc.a(lib_a-__call_atexit.o)
 .data          0x01006f3c        0x0 ../example_bsp/\libhal_bsp.a(alt_exit.o)
                0x0100ef3c                _gp = ABSOLUTE ((. + 0x8000))
                0x0100ef3c                PROVIDE (gp, _gp)
 *(.rwdata .rwdata.*)
 *(.sdata .sdata.* .gnu.linkonce.s.*)
 .sdata         0x01006f3c        0x8 c:/altera/13.0sp1/nios2eds/bin/gnu/h-i686-mingw32/bin/../lib/gcc/nios2-elf/4.1.2/../../../../nios2-elf/lib/mno-hw-mul\libc.a(lib_a-impure.o)
                0x01006f3c                _impure_ptr
                0x01006f40                _global_impure_ptr
 .sdata         0x01006f44        0x8 c:/altera/13.0sp1/nios2eds/bin/gnu/h-i686-mingw32/bin/../lib/gcc/nios2-elf/4.1.2/../../../../nios2-elf/lib/mno-hw-mul\libc.a(lib_a-mallocr.o)
                0x01006f44                __malloc_trim_threshold
                0x01006f48                __malloc_sbrk_base
 .sdata         0x01006f4c       0x14 ../example_bsp/\libhal_bsp.a(alt_dev.o)
                0x01006f4c                alt_fs_list
                0x01006f54                alt_dev_list
                0x01006f5c                alt_max_fd
 .sdata         0x01006f60        0x4 ../example_bsp/\libhal_bsp.a(alt_errno.o)
                0x01006f60                alt_errno
 .sdata         0x01006f64        0x4 ../example_bsp/\libhal_bsp.a(alt_sbrk.o)
 .sdata         0x01006f68        0x4 ../example_bsp/\libhal_bsp.a(alt_irq_vars.o)
                0x01006f68                alt_priority_mask
 .sdata         0x01006f6c        0x8 ../example_bsp/\libhal_bsp.a(alt_tick.o)
                0x01006f6c                alt_alarm_list
 *(.sdata2 .sdata2.* .gnu.linkonce.s2.*)
                0x01006f74                . = ALIGN (0x4)
                0x01006f74                _edata = ABSOLUTE (.)
                0x01006f74                PROVIDE (edata, ABSOLUTE (.))
                0x01006f74                PROVIDE (__ram_rwdata_end, ABSOLUTE (.))
                0x01006f74                PROVIDE (__flash_rwdata_start, LOADADDR (.rwdata))

.bss            0x010089bc      0x2e0
                0x010089bc                __bss_start = ABSOLUTE (.)
                0x010089bc                PROVIDE (__sbss_start, ABSOLUTE (.))
                0x010089bc                PROVIDE (___sbss_start, ABSOLUTE (.))
 *(.dynsbss)
 *(.sbss .sbss.* .gnu.linkonce.sb.*)
 .sbss          0x010089bc        0xc c:/altera/13.0sp1/nios2eds/bin/gnu/h-i686-mingw32/bin/../lib/gcc/nios2-elf/4.1.2/../../../../nios2-elf/lib/mno-hw-mul\libc.a(lib_a-mallocr.o)
                0x010089bc                __malloc_top_pad
                0x010089c0                __malloc_max_sbrked_mem
                0x010089c4                __malloc_max_total_mem
 .sbss          0x010089c8        0x4 c:/altera/13.0sp1/nios2eds/bin/gnu/h-i686-mingw32/bin/../lib/gcc/nios2-elf/4.1.2/../../../../nios2-elf/lib/mno-hw-mul\libc.a(lib_a-int_errno.o)
                0x010089c8                errno
 .sbss          0x010089cc        0xc ../example_bsp/\libhal_bsp.a(alt_main.o)
                0x010089cc                alt_argc
                0x010089d0                alt_argv
                0x010089d4                alt_envp
 .sbss          0x010089d8        0x4 ../example_bsp/\libhal_bsp.a(alt_irq_vars.o)
                0x010089d8                alt_irq_active
 .sbss          0x010089dc        0x8 ../example_bsp/\libhal_bsp.a(alt_tick.o)
                0x010089dc                _alt_tick_rate
                0x010089e0                _alt_nticks
 *(.sbss2 .sbss2.* .gnu.linkonce.sb2.*)
 *(.scommon)
                0x010089e4                PROVIDE (__sbss_end, ABSOLUTE (.))
                0x010089e4                PROVIDE (___sbss_end, ABSOLUTE (.))
 *(.dynbss)
 *(.bss .bss.* .gnu.linkonce.b.*)
 .bss           0x010089e4        0x0 ../example_bsp//obj/HAL/src/crt0.o
 .bss           0x010089e4        0x0 obj/default/hello_world.o
 .bss           0x010089e4        0x0 c:/altera/13.0sp1/nios2eds/bin/gnu/h-i686-mingw32/bin/../lib/gcc/nios2-elf/4.1.2/../../../../nios2-elf/lib/mno-hw-mul\libc.a(lib_a-puts.o)
 .bss           0x010089e4        0x0 c:/altera/13.0sp1/nios2eds/bin/gnu/h-i686-mingw32/bin/../lib/gcc/nios2-elf/4.1.2/../../../../nios2-elf/lib/mno-hw-mul\libc.a(lib_a-strlen.o)
 .bss           0x010089e4        0x0 c:/altera/13.0sp1/nios2eds/bin/gnu/h-i686-mingw32/bin/../lib/gcc/nios2-elf/4.1.2/../../../../nios2-elf/lib/mno-hw-mul\libc.a(lib_a-fvwrite.o)
 .bss           0x010089e4        0x0 c:/altera/13.0sp1/nios2eds/bin/gnu/h-i686-mingw32/bin/../lib/gcc/nios2-elf/4.1.2/../../../../nios2-elf/lib/mno-hw-mul\libc.a(lib_a-impure.o)
 .bss           0x010089e4       0x28 c:/altera/13.0sp1/nios2eds/bin/gnu/h-i686-mingw32/bin/../lib/gcc/nios2-elf/4.1.2/../../../../nios2-elf/lib/mno-hw-mul\libc.a(lib_a-mallocr.o)
                0x010089e4                __malloc_current_mallinfo
 .bss           0x01008a0c        0x0 c:/altera/13.0sp1/nios2eds/bin/gnu/h-i686-mingw32/bin/../lib/gcc/nios2-elf/4.1.2/../../../../nios2-elf/lib/mno-hw-mul\libc.a(lib_a-memchr.o)
 .bss           0x01008a0c        0x0 c:/altera/13.0sp1/nios2eds/bin/gnu/h-i686-mingw32/bin/../lib/gcc/nios2-elf/4.1.2/../../../../nios2-elf/lib/mno-hw-mul\libc.a(lib_a-memcpy.o)
 .bss           0x01008a0c        0x0 c:/altera/13.0sp1/nios2eds/bin/gnu/h-i686-mingw32/bin/../lib/gcc/nios2-elf/4.1.2/../../../../nios2-elf/lib/mno-hw-mul\libc.a(lib_a-memmove.o)
 .bss           0x01008a0c        0x0 c:/altera/13.0sp1/nios2eds/bin/gnu/h-i686-mingw32/bin/../lib/gcc/nios2-elf/4.1.2/../../../../nios2-elf/lib/mno-hw-mul\libc.a(lib_a-reallocr.o)
 .bss           0x01008a0c        0x0 c:/altera/13.0sp1/nios2eds/bin/gnu/h-i686-mingw32/bin/../lib/gcc/nios2-elf/4.1.2/../../../../nios2-elf/lib/mno-hw-mul\libc.a(lib_a-sbrkr.o)
 .bss           0x01008a0c        0x0 c:/altera/13.0sp1/nios2eds/bin/gnu/h-i686-mingw32/bin/../lib/gcc/nios2-elf/4.1.2/../../../../nios2-elf/lib/mno-hw-mul\libc.a(lib_a-wsetup.o)
 .bss           0x01008a0c        0x0 c:/altera/13.0sp1/nios2eds/bin/gnu/h-i686-mingw32/bin/../lib/gcc/nios2-elf/4.1.2/../../../../nios2-elf/lib/mno-hw-mul\libc.a(lib_a-fflush.o)
 .bss           0x01008a0c        0x0 c:/altera/13.0sp1/nios2eds/bin/gnu/h-i686-mingw32/bin/../lib/gcc/nios2-elf/4.1.2/../../../../nios2-elf/lib/mno-hw-mul\libc.a(lib_a-findfp.o)
 .bss           0x01008a0c        0x0 c:/altera/13.0sp1/nios2eds/bin/gnu/h-i686-mingw32/bin/../lib/gcc/nios2-elf/4.1.2/../../../../nios2-elf/lib/mno-hw-mul\libc.a(lib_a-freer.o)
 .bss           0x01008a0c        0x0 c:/altera/13.0sp1/nios2eds/bin/gnu/h-i686-mingw32/bin/../lib/gcc/nios2-elf/4.1.2/../../../../nios2-elf/lib/mno-hw-mul\libc.a(lib_a-fwalk.o)
 .bss           0x01008a0c        0x0 c:/altera/13.0sp1/nios2eds/bin/gnu/h-i686-mingw32/bin/../lib/gcc/nios2-elf/4.1.2/../../../../nios2-elf/lib/mno-hw-mul\libc.a(lib_a-int_errno.o)
 .bss           0x01008a0c        0x0 c:/altera/13.0sp1/nios2eds/bin/gnu/h-i686-mingw32/bin/../lib/gcc/nios2-elf/4.1.2/../../../../nios2-elf/lib/mno-hw-mul\libc.a(lib_a-makebuf.o)
 .bss           0x01008a0c        0x0 c:/altera/13.0sp1/nios2eds/bin/gnu/h-i686-mingw32/bin/../lib/gcc/nios2-elf/4.1.2/../../../../nios2-elf/lib/mno-hw-mul\libc.a(lib_a-memset.o)
 .bss           0x01008a0c        0x0 c:/altera/13.0sp1/nios2eds/bin/gnu/h-i686-mingw32/bin/../lib/gcc/nios2-elf/4.1.2/../../../../nios2-elf/lib/mno-hw-mul\libc.a(lib_a-stdio.o)
 .bss           0x01008a0c        0x0 c:/altera/13.0sp1/nios2eds/bin/gnu/h-i686-mingw32/bin/../lib/gcc/nios2-elf/4.1.2/../../../../nios2-elf/lib/mno-hw-mul\libc.a(lib_a-writer.o)
 .bss           0x01008a0c        0x0 c:/altera/13.0sp1/nios2eds/bin/gnu/h-i686-mingw32/bin/../lib/gcc/nios2-elf/4.1.2/../../../../nios2-elf/lib/mno-hw-mul\libc.a(lib_a-closer.o)
 .bss           0x01008a0c        0x0 c:/altera/13.0sp1/nios2eds/bin/gnu/h-i686-mingw32/bin/../lib/gcc/nios2-elf/4.1.2/../../../../nios2-elf/lib/mno-hw-mul\libc.a(lib_a-fclose.o)
 .bss           0x01008a0c        0x0 c:/altera/13.0sp1/nios2eds/bin/gnu/h-i686-mingw32/bin/../lib/gcc/nios2-elf/4.1.2/../../../../nios2-elf/lib/mno-hw-mul\libc.a(lib_a-fstatr.o)
 .bss           0x01008a0c        0x0 c:/altera/13.0sp1/nios2eds/bin/gnu/h-i686-mingw32/bin/../lib/gcc/nios2-elf/4.1.2/../../../../nios2-elf/lib/mno-hw-mul\libc.a(lib_a-isattyr.o)
 .bss           0x01008a0c        0x0 c:/altera/13.0sp1/nios2eds/bin/gnu/h-i686-mingw32/bin/../lib/gcc/nios2-elf/4.1.2/../../../../nios2-elf/lib/mno-hw-mul\libc.a(lib_a-lseekr.o)
 .bss           0x01008a0c        0x0 c:/altera/13.0sp1/nios2eds/bin/gnu/h-i686-mingw32/bin/../lib/gcc/nios2-elf/4.1.2/../../../../nios2-elf/lib/mno-hw-mul\libc.a(lib_a-readr.o)
 .bss           0x01008a0c        0x0 c:/altera/13.0sp1/nios2eds/bin/gnu/h-i686-mingw32/bin/../lib/gcc/nios2-elf/4.1.2/mno-hw-mul\libgcc.a(lib2-mul.o)
 .bss           0x01008a0c        0x0 ../example_bsp/\libhal_bsp.a(alt_close.o)
 .bss           0x01008a0c        0x0 ../example_bsp/\libhal_bsp.a(alt_dev.o)
 .bss           0x01008a0c        0x0 ../example_bsp/\libhal_bsp.a(alt_errno.o)
 .bss           0x01008a0c        0x0 ../example_bsp/\libhal_bsp.a(alt_fstat.o)
 .bss           0x01008a0c        0x0 ../example_bsp/\libhal_bsp.a(alt_isatty.o)
 .bss           0x01008a0c        0x0 ../example_bsp/\libhal_bsp.a(alt_load.o)
 .bss           0x01008a0c        0x0 ../example_bsp/\libhal_bsp.a(alt_lseek.o)
 .bss           0x01008a0c        0x0 ../example_bsp/\libhal_bsp.a(alt_main.o)
 .bss           0x01008a0c        0x0 ../example_bsp/\libhal_bsp.a(alt_malloc_lock.o)
 .bss           0x01008a0c        0x0 ../example_bsp/\libhal_bsp.a(alt_read.o)
 .bss           0x01008a0c        0x0 ../example_bsp/\libhal_bsp.a(alt_release_fd.o)
 .bss           0x01008a0c        0x0 ../example_bsp/\libhal_bsp.a(alt_sbrk.o)
 .bss           0x01008a0c        0x0 ../example_bsp/\libhal_bsp.a(alt_write.o)
 .bss           0x01008a0c        0x0 ../example_bsp/\libhal_bsp.a(alt_sys_init.o)
 .bss           0x01008a0c        0x0 ../example_bsp/\libhal_bsp.a(altera_avalon_jtag_uart_fd.o)
 .bss           0x01008a0c        0x0 ../example_bsp/\libhal_bsp.a(altera_avalon_jtag_uart_init.o)
 .bss           0x01008a0c        0x0 ../example_bsp/\libhal_bsp.a(altera_avalon_jtag_uart_ioctl.o)
 .bss           0x01008a0c        0x0 ../example_bsp/\libhal_bsp.a(altera_avalon_jtag_uart_read.o)
 .bss           0x01008a0c        0x0 ../example_bsp/\libhal_bsp.a(altera_avalon_jtag_uart_write.o)
 .bss           0x01008a0c        0x0 ../example_bsp/\libhal_bsp.a(alt_alarm_start.o)
 .bss           0x01008a0c        0x0 ../example_bsp/\libhal_bsp.a(alt_dcache_flush_all.o)
 .bss           0x01008a0c        0x0 ../example_bsp/\libhal_bsp.a(alt_dev_llist_insert.o)
 .bss           0x01008a0c        0x0 ../example_bsp/\libhal_bsp.a(alt_do_ctors.o)
 .bss           0x01008a0c        0x0 ../example_bsp/\libhal_bsp.a(alt_do_dtors.o)
 .bss           0x01008a0c        0x0 ../example_bsp/\libhal_bsp.a(alt_icache_flush_all.o)
 .bss           0x01008a0c        0x0 ../example_bsp/\libhal_bsp.a(alt_iic.o)
 .bss           0x01008a0c        0x0 ../example_bsp/\libhal_bsp.a(alt_iic_isr_register.o)
 .bss           0x01008a0c        0x0 ../example_bsp/\libhal_bsp.a(alt_io_redirect.o)
 .bss           0x01008a0c        0x0 ../example_bsp/\libhal_bsp.a(alt_irq_entry.o)
 .bss           0x01008a0c        0x0 ../example_bsp/\libhal_bsp.a(alt_irq_handler.o)
 .bss           0x01008a0c        0x0 ../example_bsp/\libhal_bsp.a(alt_irq_vars.o)
 .bss           0x01008a0c        0x0 ../example_bsp/\libhal_bsp.a(alt_open.o)
 .bss           0x01008a0c        0x0 ../example_bsp/\libhal_bsp.a(alt_tick.o)
 .bss           0x01008a0c        0x0 ../example_bsp/\libhal_bsp.a(altera_nios2_qsys_irq.o)
 .bss           0x01008a0c        0x0 ../example_bsp/\libhal_bsp.a(alt_exception_entry.o)
 .bss           0x01008a0c        0x0 ../example_bsp/\libhal_bsp.a(alt_find_dev.o)
 .bss           0x01008a0c        0x0 ../example_bsp/\libhal_bsp.a(alt_find_file.o)
 .bss           0x01008a0c        0x0 ../example_bsp/\libhal_bsp.a(alt_get_fd.o)
 .bss           0x01008a0c        0x0 c:/altera/13.0sp1/nios2eds/bin/gnu/h-i686-mingw32/bin/../lib/gcc/nios2-elf/4.1.2/../../../../nios2-elf/lib/mno-hw-mul\libc.a(lib_a-atexit.o)
 .bss           0x01008a0c        0x0 c:/altera/13.0sp1/nios2eds/bin/gnu/h-i686-mingw32/bin/../lib/gcc/nios2-elf/4.1.2/../../../../nios2-elf/lib/mno-hw-mul\libc.a(lib_a-exit.o)
 .bss           0x01008a0c        0x0 c:/altera/13.0sp1/nios2eds/bin/gnu/h-i686-mingw32/bin/../lib/gcc/nios2-elf/4.1.2/../../../../nios2-elf/lib/mno-hw-mul\libc.a(lib_a-memcmp.o)
 .bss           0x01008a0c        0x0 c:/altera/13.0sp1/nios2eds/bin/gnu/h-i686-mingw32/bin/../lib/gcc/nios2-elf/4.1.2/../../../../nios2-elf/lib/mno-hw-mul\libc.a(lib_a-__atexit.o)
 .bss           0x01008a0c        0x0 c:/altera/13.0sp1/nios2eds/bin/gnu/h-i686-mingw32/bin/../lib/gcc/nios2-elf/4.1.2/../../../../nios2-elf/lib/mno-hw-mul\libc.a(lib_a-__call_atexit.o)
 .bss           0x01008a0c        0x0 ../example_bsp/\libhal_bsp.a(alt_exit.o)
 *(COMMON)
 COMMON         0x01008a0c      0x100 ../example_bsp/\libhal_bsp.a(alt_irq_handler.o)
                0x01008a0c                alt_irq
 COMMON         0x01008b0c      0x190 c:/altera/13.0sp1/nios2eds/bin/gnu/h-i686-mingw32/bin/../lib/gcc/nios2-elf/4.1.2/../../../../nios2-elf/lib/mno-hw-mul\libc.a(lib_a-atexit.o)
                0x01008b0c                _atexit0
                0x01008c9c                . = ALIGN (0x4)
                0x01008c9c                __bss_end = ABSOLUTE (.)

.onchip_memory2_0
                0x00000000        0x0 load address 0x01008c9c
                0x00000000                PROVIDE (_alt_partition_onchip_memory2_0_start, ABSOLUTE (.))
 *(.onchip_memory2_0. onchip_memory2_0.*)
                0x00000000                . = ALIGN (0x4)
                0x00000000                PROVIDE (_alt_partition_onchip_memory2_0_end, ABSOLUTE (.))
                0x01008c9c                PROVIDE (_alt_partition_onchip_memory2_0_load_addr, LOADADDR (.onchip_memory2_0))

.sdram          0x01008c9c        0x0
                0x01008c9c                PROVIDE (_alt_partition_sdram_start, ABSOLUTE (.))
 *(.sdram. sdram.*)
                0x01008c9c                . = ALIGN (0x4)
                0x01008c9c                PROVIDE (_alt_partition_sdram_end, ABSOLUTE (.))
                0x01008c9c                _end = ABSOLUTE (.)
                0x01008c9c                end = ABSOLUTE (.)
                0x01008c9c                __alt_stack_base = ABSOLUTE (.)
                0x01008c9c                PROVIDE (_alt_partition_sdram_load_addr, LOADADDR (.sdram))

.stab
 *(.stab)

.stabstr
 *(.stabstr)

.stab.excl
 *(.stab.excl)

.stab.exclstr
 *(.stab.exclstr)

.stab.index
 *(.stab.index)

.stab.indexstr
 *(.stab.indexstr)

.comment        0x00000000       0x26
 *(.comment)
 .comment       0x00000000       0x26 obj/default/hello_world.o
                                 0x27 (size before relaxing)
 .comment       0x00000000       0x27 c:/altera/13.0sp1/nios2eds/bin/gnu/h-i686-mingw32/bin/../lib/gcc/nios2-elf/4.1.2/../../../../nios2-elf/lib/mno-hw-mul\libc.a(lib_a-puts.o)
 .comment       0x00000000       0x27 c:/altera/13.0sp1/nios2eds/bin/gnu/h-i686-mingw32/bin/../lib/gcc/nios2-elf/4.1.2/../../../../nios2-elf/lib/mno-hw-mul\libc.a(lib_a-strlen.o)
 .comment       0x00000000       0x27 c:/altera/13.0sp1/nios2eds/bin/gnu/h-i686-mingw32/bin/../lib/gcc/nios2-elf/4.1.2/../../../../nios2-elf/lib/mno-hw-mul\libc.a(lib_a-fvwrite.o)
 .comment       0x00000000       0x27 c:/altera/13.0sp1/nios2eds/bin/gnu/h-i686-mingw32/bin/../lib/gcc/nios2-elf/4.1.2/../../../../nios2-elf/lib/mno-hw-mul\libc.a(lib_a-impure.o)
 .comment       0x00000000       0x27 c:/altera/13.0sp1/nios2eds/bin/gnu/h-i686-mingw32/bin/../lib/gcc/nios2-elf/4.1.2/../../../../nios2-elf/lib/mno-hw-mul\libc.a(lib_a-mallocr.o)
 .comment       0x00000000       0x27 c:/altera/13.0sp1/nios2eds/bin/gnu/h-i686-mingw32/bin/../lib/gcc/nios2-elf/4.1.2/../../../../nios2-elf/lib/mno-hw-mul\libc.a(lib_a-memchr.o)
 .comment       0x00000000       0x27 c:/altera/13.0sp1/nios2eds/bin/gnu/h-i686-mingw32/bin/../lib/gcc/nios2-elf/4.1.2/../../../../nios2-elf/lib/mno-hw-mul\libc.a(lib_a-memcpy.o)
 .comment       0x00000000       0x27 c:/altera/13.0sp1/nios2eds/bin/gnu/h-i686-mingw32/bin/../lib/gcc/nios2-elf/4.1.2/../../../../nios2-elf/lib/mno-hw-mul\libc.a(lib_a-memmove.o)
 .comment       0x00000000       0x27 c:/altera/13.0sp1/nios2eds/bin/gnu/h-i686-mingw32/bin/../lib/gcc/nios2-elf/4.1.2/../../../../nios2-elf/lib/mno-hw-mul\libc.a(lib_a-reallocr.o)
 .comment       0x00000000       0x27 c:/altera/13.0sp1/nios2eds/bin/gnu/h-i686-mingw32/bin/../lib/gcc/nios2-elf/4.1.2/../../../../nios2-elf/lib/mno-hw-mul\libc.a(lib_a-sbrkr.o)
 .comment       0x00000000       0x27 c:/altera/13.0sp1/nios2eds/bin/gnu/h-i686-mingw32/bin/../lib/gcc/nios2-elf/4.1.2/../../../../nios2-elf/lib/mno-hw-mul\libc.a(lib_a-wsetup.o)
 .comment       0x00000000       0x27 c:/altera/13.0sp1/nios2eds/bin/gnu/h-i686-mingw32/bin/../lib/gcc/nios2-elf/4.1.2/../../../../nios2-elf/lib/mno-hw-mul\libc.a(lib_a-fflush.o)
 .comment       0x00000000       0x27 c:/altera/13.0sp1/nios2eds/bin/gnu/h-i686-mingw32/bin/../lib/gcc/nios2-elf/4.1.2/../../../../nios2-elf/lib/mno-hw-mul\libc.a(lib_a-findfp.o)
 .comment       0x00000000       0x27 c:/altera/13.0sp1/nios2eds/bin/gnu/h-i686-mingw32/bin/../lib/gcc/nios2-elf/4.1.2/../../../../nios2-elf/lib/mno-hw-mul\libc.a(lib_a-freer.o)
 .comment       0x00000000       0x27 c:/altera/13.0sp1/nios2eds/bin/gnu/h-i686-mingw32/bin/../lib/gcc/nios2-elf/4.1.2/../../../../nios2-elf/lib/mno-hw-mul\libc.a(lib_a-fwalk.o)
 .comment       0x00000000       0x27 c:/altera/13.0sp1/nios2eds/bin/gnu/h-i686-mingw32/bin/../lib/gcc/nios2-elf/4.1.2/../../../../nios2-elf/lib/mno-hw-mul\libc.a(lib_a-int_errno.o)
 .comment       0x00000000       0x27 c:/altera/13.0sp1/nios2eds/bin/gnu/h-i686-mingw32/bin/../lib/gcc/nios2-elf/4.1.2/../../../../nios2-elf/lib/mno-hw-mul\libc.a(lib_a-makebuf.o)
 .comment       0x00000000       0x27 c:/altera/13.0sp1/nios2eds/bin/gnu/h-i686-mingw32/bin/../lib/gcc/nios2-elf/4.1.2/../../../../nios2-elf/lib/mno-hw-mul\libc.a(lib_a-memset.o)
 .comment       0x00000000       0x27 c:/altera/13.0sp1/nios2eds/bin/gnu/h-i686-mingw32/bin/../lib/gcc/nios2-elf/4.1.2/../../../../nios2-elf/lib/mno-hw-mul\libc.a(lib_a-stdio.o)
 .comment       0x00000000       0x27 c:/altera/13.0sp1/nios2eds/bin/gnu/h-i686-mingw32/bin/../lib/gcc/nios2-elf/4.1.2/../../../../nios2-elf/lib/mno-hw-mul\libc.a(lib_a-writer.o)
 .comment       0x00000000       0x27 c:/altera/13.0sp1/nios2eds/bin/gnu/h-i686-mingw32/bin/../lib/gcc/nios2-elf/4.1.2/../../../../nios2-elf/lib/mno-hw-mul\libc.a(lib_a-closer.o)
 .comment       0x00000000       0x27 c:/altera/13.0sp1/nios2eds/bin/gnu/h-i686-mingw32/bin/../lib/gcc/nios2-elf/4.1.2/../../../../nios2-elf/lib/mno-hw-mul\libc.a(lib_a-fclose.o)
 .comment       0x00000000       0x27 c:/altera/13.0sp1/nios2eds/bin/gnu/h-i686-mingw32/bin/../lib/gcc/nios2-elf/4.1.2/../../../../nios2-elf/lib/mno-hw-mul\libc.a(lib_a-fstatr.o)
 .comment       0x00000000       0x27 c:/altera/13.0sp1/nios2eds/bin/gnu/h-i686-mingw32/bin/../lib/gcc/nios2-elf/4.1.2/../../../../nios2-elf/lib/mno-hw-mul\libc.a(lib_a-isattyr.o)
 .comment       0x00000000       0x27 c:/altera/13.0sp1/nios2eds/bin/gnu/h-i686-mingw32/bin/../lib/gcc/nios2-elf/4.1.2/../../../../nios2-elf/lib/mno-hw-mul\libc.a(lib_a-lseekr.o)
 .comment       0x00000000       0x27 c:/altera/13.0sp1/nios2eds/bin/gnu/h-i686-mingw32/bin/../lib/gcc/nios2-elf/4.1.2/../../../../nios2-elf/lib/mno-hw-mul\libc.a(lib_a-readr.o)
 .comment       0x00000000       0x27 c:/altera/13.0sp1/nios2eds/bin/gnu/h-i686-mingw32/bin/../lib/gcc/nios2-elf/4.1.2/mno-hw-mul\libgcc.a(lib2-mul.o)
 .comment       0x00000000       0x27 ../example_bsp/\libhal_bsp.a(alt_close.o)
 .comment       0x00000000       0x27 ../example_bsp/\libhal_bsp.a(alt_dev.o)
 .comment       0x00000000       0x27 ../example_bsp/\libhal_bsp.a(alt_errno.o)
 .comment       0x00000000       0x27 ../example_bsp/\libhal_bsp.a(alt_fstat.o)
 .comment       0x00000000       0x27 ../example_bsp/\libhal_bsp.a(alt_isatty.o)
 .comment       0x00000000       0x27 ../example_bsp/\libhal_bsp.a(alt_load.o)
 .comment       0x00000000       0x27 ../example_bsp/\libhal_bsp.a(alt_lseek.o)
 .comment       0x00000000       0x27 ../example_bsp/\libhal_bsp.a(alt_main.o)
 .comment       0x00000000       0x27 ../example_bsp/\libhal_bsp.a(alt_malloc_lock.o)
 .comment       0x00000000       0x27 ../example_bsp/\libhal_bsp.a(alt_read.o)
 .comment       0x00000000       0x27 ../example_bsp/\libhal_bsp.a(alt_release_fd.o)
 .comment       0x00000000       0x27 ../example_bsp/\libhal_bsp.a(alt_sbrk.o)
 .comment       0x00000000       0x27 ../example_bsp/\libhal_bsp.a(alt_write.o)
 .comment       0x00000000       0x27 ../example_bsp/\libhal_bsp.a(alt_sys_init.o)
 .comment       0x00000000       0x27 ../example_bsp/\libhal_bsp.a(altera_avalon_jtag_uart_fd.o)
 .comment       0x00000000       0x27 ../example_bsp/\libhal_bsp.a(altera_avalon_jtag_uart_init.o)
 .comment       0x00000000       0x27 ../example_bsp/\libhal_bsp.a(altera_avalon_jtag_uart_ioctl.o)
 .comment       0x00000000       0x27 ../example_bsp/\libhal_bsp.a(altera_avalon_jtag_uart_read.o)
 .comment       0x00000000       0x27 ../example_bsp/\libhal_bsp.a(altera_avalon_jtag_uart_write.o)
 .comment       0x00000000       0x27 ../example_bsp/\libhal_bsp.a(alt_alarm_start.o)
 .comment       0x00000000       0x27 ../example_bsp/\libhal_bsp.a(alt_dcache_flush_all.o)
 .comment       0x00000000       0x27 ../example_bsp/\libhal_bsp.a(alt_dev_llist_insert.o)
 .comment       0x00000000       0x27 ../example_bsp/\libhal_bsp.a(alt_do_ctors.o)
 .comment       0x00000000       0x27 ../example_bsp/\libhal_bsp.a(alt_do_dtors.o)
 .comment       0x00000000       0x27 ../example_bsp/\libhal_bsp.a(alt_icache_flush_all.o)
 .comment       0x00000000       0x27 ../example_bsp/\libhal_bsp.a(alt_iic.o)
 .comment       0x00000000       0x27 ../example_bsp/\libhal_bsp.a(alt_iic_isr_register.o)
 .comment       0x00000000       0x27 ../example_bsp/\libhal_bsp.a(alt_io_redirect.o)
 .comment       0x00000000       0x27 ../example_bsp/\libhal_bsp.a(alt_irq_handler.o)
 .comment       0x00000000       0x27 ../example_bsp/\libhal_bsp.a(alt_irq_vars.o)
 .comment       0x00000000       0x27 ../example_bsp/\libhal_bsp.a(alt_open.o)
 .comment       0x00000000       0x27 ../example_bsp/\libhal_bsp.a(alt_tick.o)
 .comment       0x00000000       0x27 ../example_bsp/\libhal_bsp.a(altera_nios2_qsys_irq.o)
 .comment       0x00000000       0x27 ../example_bsp/\libhal_bsp.a(alt_find_dev.o)
 .comment       0x00000000       0x27 ../example_bsp/\libhal_bsp.a(alt_find_file.o)
 .comment       0x00000000       0x27 ../example_bsp/\libhal_bsp.a(alt_get_fd.o)
 .comment       0x00000000       0x27 c:/altera/13.0sp1/nios2eds/bin/gnu/h-i686-mingw32/bin/../lib/gcc/nios2-elf/4.1.2/../../../../nios2-elf/lib/mno-hw-mul\libc.a(lib_a-atexit.o)
 .comment       0x00000000       0x27 c:/altera/13.0sp1/nios2eds/bin/gnu/h-i686-mingw32/bin/../lib/gcc/nios2-elf/4.1.2/../../../../nios2-elf/lib/mno-hw-mul\libc.a(lib_a-exit.o)
 .comment       0x00000000       0x27 c:/altera/13.0sp1/nios2eds/bin/gnu/h-i686-mingw32/bin/../lib/gcc/nios2-elf/4.1.2/../../../../nios2-elf/lib/mno-hw-mul\libc.a(lib_a-memcmp.o)
 .comment       0x00000000       0x27 c:/altera/13.0sp1/nios2eds/bin/gnu/h-i686-mingw32/bin/../lib/gcc/nios2-elf/4.1.2/../../../../nios2-elf/lib/mno-hw-mul\libc.a(lib_a-__atexit.o)
 .comment       0x00000000       0x27 c:/altera/13.0sp1/nios2eds/bin/gnu/h-i686-mingw32/bin/../lib/gcc/nios2-elf/4.1.2/../../../../nios2-elf/lib/mno-hw-mul\libc.a(lib_a-__call_atexit.o)
 .comment       0x00000000       0x27 ../example_bsp/\libhal_bsp.a(alt_exit.o)

.debug
 *(.debug)

.line
 *(.line)

.debug_srcinfo
 *(.debug_srcinfo)

.debug_sfnames
 *(.debug_sfnames)

.debug_aranges  0x00000000      0x8d8
 *(.debug_aranges)
 .debug_aranges
                0x00000000       0x28 ../example_bsp//obj/HAL/src/crt0.o
 .debug_aranges
                0x00000028       0x20 obj/default/hello_world.o
 .debug_aranges
                0x00000048       0x20 c:/altera/13.0sp1/nios2eds/bin/gnu/h-i686-mingw32/bin/../lib/gcc/nios2-elf/4.1.2/../../../../nios2-elf/lib/mno-hw-mul\libc.a(lib_a-puts.o)
 .debug_aranges
                0x00000068       0x20 c:/altera/13.0sp1/nios2eds/bin/gnu/h-i686-mingw32/bin/../lib/gcc/nios2-elf/4.1.2/../../../../nios2-elf/lib/mno-hw-mul\libc.a(lib_a-strlen.o)
 .debug_aranges
                0x00000088       0x20 c:/altera/13.0sp1/nios2eds/bin/gnu/h-i686-mingw32/bin/../lib/gcc/nios2-elf/4.1.2/../../../../nios2-elf/lib/mno-hw-mul\libc.a(lib_a-fvwrite.o)
 .debug_aranges
                0x000000a8       0x20 c:/altera/13.0sp1/nios2eds/bin/gnu/h-i686-mingw32/bin/../lib/gcc/nios2-elf/4.1.2/../../../../nios2-elf/lib/mno-hw-mul\libc.a(lib_a-mallocr.o)
 .debug_aranges
                0x000000c8       0x20 c:/altera/13.0sp1/nios2eds/bin/gnu/h-i686-mingw32/bin/../lib/gcc/nios2-elf/4.1.2/../../../../nios2-elf/lib/mno-hw-mul\libc.a(lib_a-memchr.o)
 .debug_aranges
                0x000000e8       0x20 c:/altera/13.0sp1/nios2eds/bin/gnu/h-i686-mingw32/bin/../lib/gcc/nios2-elf/4.1.2/../../../../nios2-elf/lib/mno-hw-mul\libc.a(lib_a-memcpy.o)
 .debug_aranges
                0x00000108       0x20 c:/altera/13.0sp1/nios2eds/bin/gnu/h-i686-mingw32/bin/../lib/gcc/nios2-elf/4.1.2/../../../../nios2-elf/lib/mno-hw-mul\libc.a(lib_a-memmove.o)
 .debug_aranges
                0x00000128       0x20 c:/altera/13.0sp1/nios2eds/bin/gnu/h-i686-mingw32/bin/../lib/gcc/nios2-elf/4.1.2/../../../../nios2-elf/lib/mno-hw-mul\libc.a(lib_a-reallocr.o)
 .debug_aranges
                0x00000148       0x20 c:/altera/13.0sp1/nios2eds/bin/gnu/h-i686-mingw32/bin/../lib/gcc/nios2-elf/4.1.2/../../../../nios2-elf/lib/mno-hw-mul\libc.a(lib_a-sbrkr.o)
 .debug_aranges
                0x00000168       0x20 c:/altera/13.0sp1/nios2eds/bin/gnu/h-i686-mingw32/bin/../lib/gcc/nios2-elf/4.1.2/../../../../nios2-elf/lib/mno-hw-mul\libc.a(lib_a-wsetup.o)
 .debug_aranges
                0x00000188       0x20 c:/altera/13.0sp1/nios2eds/bin/gnu/h-i686-mingw32/bin/../lib/gcc/nios2-elf/4.1.2/../../../../nios2-elf/lib/mno-hw-mul\libc.a(lib_a-fflush.o)
 .debug_aranges
                0x000001a8       0x20 c:/altera/13.0sp1/nios2eds/bin/gnu/h-i686-mingw32/bin/../lib/gcc/nios2-elf/4.1.2/../../../../nios2-elf/lib/mno-hw-mul\libc.a(lib_a-findfp.o)
 .debug_aranges
                0x000001c8       0x20 c:/altera/13.0sp1/nios2eds/bin/gnu/h-i686-mingw32/bin/../lib/gcc/nios2-elf/4.1.2/../../../../nios2-elf/lib/mno-hw-mul\libc.a(lib_a-freer.o)
 .debug_aranges
                0x000001e8       0x20 c:/altera/13.0sp1/nios2eds/bin/gnu/h-i686-mingw32/bin/../lib/gcc/nios2-elf/4.1.2/../../../../nios2-elf/lib/mno-hw-mul\libc.a(lib_a-fwalk.o)
 .debug_aranges
                0x00000208       0x20 c:/altera/13.0sp1/nios2eds/bin/gnu/h-i686-mingw32/bin/../lib/gcc/nios2-elf/4.1.2/../../../../nios2-elf/lib/mno-hw-mul\libc.a(lib_a-makebuf.o)
 .debug_aranges
                0x00000228       0x20 c:/altera/13.0sp1/nios2eds/bin/gnu/h-i686-mingw32/bin/../lib/gcc/nios2-elf/4.1.2/../../../../nios2-elf/lib/mno-hw-mul\libc.a(lib_a-memset.o)
 .debug_aranges
                0x00000248       0x20 c:/altera/13.0sp1/nios2eds/bin/gnu/h-i686-mingw32/bin/../lib/gcc/nios2-elf/4.1.2/../../../../nios2-elf/lib/mno-hw-mul\libc.a(lib_a-stdio.o)
 .debug_aranges
                0x00000268       0x20 c:/altera/13.0sp1/nios2eds/bin/gnu/h-i686-mingw32/bin/../lib/gcc/nios2-elf/4.1.2/../../../../nios2-elf/lib/mno-hw-mul\libc.a(lib_a-writer.o)
 .debug_aranges
                0x00000288       0x20 c:/altera/13.0sp1/nios2eds/bin/gnu/h-i686-mingw32/bin/../lib/gcc/nios2-elf/4.1.2/../../../../nios2-elf/lib/mno-hw-mul\libc.a(lib_a-closer.o)
 .debug_aranges
                0x000002a8       0x20 c:/altera/13.0sp1/nios2eds/bin/gnu/h-i686-mingw32/bin/../lib/gcc/nios2-elf/4.1.2/../../../../nios2-elf/lib/mno-hw-mul\libc.a(lib_a-fclose.o)
 .debug_aranges
                0x000002c8       0x20 c:/altera/13.0sp1/nios2eds/bin/gnu/h-i686-mingw32/bin/../lib/gcc/nios2-elf/4.1.2/../../../../nios2-elf/lib/mno-hw-mul\libc.a(lib_a-fstatr.o)
 .debug_aranges
                0x000002e8       0x20 c:/altera/13.0sp1/nios2eds/bin/gnu/h-i686-mingw32/bin/../lib/gcc/nios2-elf/4.1.2/../../../../nios2-elf/lib/mno-hw-mul\libc.a(lib_a-isattyr.o)
 .debug_aranges
                0x00000308       0x20 c:/altera/13.0sp1/nios2eds/bin/gnu/h-i686-mingw32/bin/../lib/gcc/nios2-elf/4.1.2/../../../../nios2-elf/lib/mno-hw-mul\libc.a(lib_a-lseekr.o)
 .debug_aranges
                0x00000328       0x20 c:/altera/13.0sp1/nios2eds/bin/gnu/h-i686-mingw32/bin/../lib/gcc/nios2-elf/4.1.2/../../../../nios2-elf/lib/mno-hw-mul\libc.a(lib_a-readr.o)
 .debug_aranges
                0x00000348       0x20 c:/altera/13.0sp1/nios2eds/bin/gnu/h-i686-mingw32/bin/../lib/gcc/nios2-elf/4.1.2/mno-hw-mul\libgcc.a(lib2-mul.o)
 .debug_aranges
                0x00000368       0x20 ../example_bsp/\libhal_bsp.a(alt_close.o)
 .debug_aranges
                0x00000388       0x20 ../example_bsp/\libhal_bsp.a(alt_dev.o)
 .debug_aranges
                0x000003a8       0x20 ../example_bsp/\libhal_bsp.a(alt_fstat.o)
 .debug_aranges
                0x000003c8       0x20 ../example_bsp/\libhal_bsp.a(alt_isatty.o)
 .debug_aranges
                0x000003e8       0x20 ../example_bsp/\libhal_bsp.a(alt_load.o)
 .debug_aranges
                0x00000408       0x20 ../example_bsp/\libhal_bsp.a(alt_lseek.o)
 .debug_aranges
                0x00000428       0x20 ../example_bsp/\libhal_bsp.a(alt_main.o)
 .debug_aranges
                0x00000448       0x20 ../example_bsp/\libhal_bsp.a(alt_malloc_lock.o)
 .debug_aranges
                0x00000468       0x20 ../example_bsp/\libhal_bsp.a(alt_read.o)
 .debug_aranges
                0x00000488       0x20 ../example_bsp/\libhal_bsp.a(alt_release_fd.o)
 .debug_aranges
                0x000004a8       0x20 ../example_bsp/\libhal_bsp.a(alt_sbrk.o)
 .debug_aranges
                0x000004c8       0x20 ../example_bsp/\libhal_bsp.a(alt_write.o)
 .debug_aranges
                0x000004e8       0x20 ../example_bsp/\libhal_bsp.a(alt_sys_init.o)
 .debug_aranges
                0x00000508       0x20 ../example_bsp/\libhal_bsp.a(altera_avalon_jtag_uart_fd.o)
 .debug_aranges
                0x00000528       0x20 ../example_bsp/\libhal_bsp.a(altera_avalon_jtag_uart_init.o)
 .debug_aranges
                0x00000548       0x20 ../example_bsp/\libhal_bsp.a(altera_avalon_jtag_uart_ioctl.o)
 .debug_aranges
                0x00000568       0x20 ../example_bsp/\libhal_bsp.a(altera_avalon_jtag_uart_read.o)
 .debug_aranges
                0x00000588       0x20 ../example_bsp/\libhal_bsp.a(altera_avalon_jtag_uart_write.o)
 .debug_aranges
                0x000005a8       0x20 ../example_bsp/\libhal_bsp.a(alt_alarm_start.o)
 .debug_aranges
                0x000005c8       0x20 ../example_bsp/\libhal_bsp.a(alt_dcache_flush_all.o)
 .debug_aranges
                0x000005e8       0x20 ../example_bsp/\libhal_bsp.a(alt_dev_llist_insert.o)
 .debug_aranges
                0x00000608       0x20 ../example_bsp/\libhal_bsp.a(alt_do_ctors.o)
 .debug_aranges
                0x00000628       0x20 ../example_bsp/\libhal_bsp.a(alt_do_dtors.o)
 .debug_aranges
                0x00000648       0x20 ../example_bsp/\libhal_bsp.a(alt_icache_flush_all.o)
 .debug_aranges
                0x00000668       0x20 ../example_bsp/\libhal_bsp.a(alt_iic.o)
 .debug_aranges
                0x00000688       0x20 ../example_bsp/\libhal_bsp.a(alt_iic_isr_register.o)
 .debug_aranges
                0x000006a8       0x20 ../example_bsp/\libhal_bsp.a(alt_io_redirect.o)
 .debug_aranges
                0x000006c8       0x30 ../example_bsp/\libhal_bsp.a(alt_irq_entry.o)
 .debug_aranges
                0x000006f8       0x28 ../example_bsp/\libhal_bsp.a(alt_irq_handler.o)
 .debug_aranges
                0x00000720       0x20 ../example_bsp/\libhal_bsp.a(alt_open.o)
 .debug_aranges
                0x00000740       0x20 ../example_bsp/\libhal_bsp.a(alt_tick.o)
 .debug_aranges
                0x00000760       0x20 ../example_bsp/\libhal_bsp.a(altera_nios2_qsys_irq.o)
 .debug_aranges
                0x00000780       0x38 ../example_bsp/\libhal_bsp.a(alt_exception_entry.o)
 .debug_aranges
                0x000007b8       0x20 ../example_bsp/\libhal_bsp.a(alt_find_dev.o)
 .debug_aranges
                0x000007d8       0x20 ../example_bsp/\libhal_bsp.a(alt_find_file.o)
 .debug_aranges
                0x000007f8       0x20 ../example_bsp/\libhal_bsp.a(alt_get_fd.o)
 .debug_aranges
                0x00000818       0x20 c:/altera/13.0sp1/nios2eds/bin/gnu/h-i686-mingw32/bin/../lib/gcc/nios2-elf/4.1.2/../../../../nios2-elf/lib/mno-hw-mul\libc.a(lib_a-atexit.o)
 .debug_aranges
                0x00000838       0x20 c:/altera/13.0sp1/nios2eds/bin/gnu/h-i686-mingw32/bin/../lib/gcc/nios2-elf/4.1.2/../../../../nios2-elf/lib/mno-hw-mul\libc.a(lib_a-exit.o)
 .debug_aranges
                0x00000858       0x20 c:/altera/13.0sp1/nios2eds/bin/gnu/h-i686-mingw32/bin/../lib/gcc/nios2-elf/4.1.2/../../../../nios2-elf/lib/mno-hw-mul\libc.a(lib_a-memcmp.o)
 .debug_aranges
                0x00000878       0x20 c:/altera/13.0sp1/nios2eds/bin/gnu/h-i686-mingw32/bin/../lib/gcc/nios2-elf/4.1.2/../../../../nios2-elf/lib/mno-hw-mul\libc.a(lib_a-__atexit.o)
 .debug_aranges
                0x00000898       0x20 c:/altera/13.0sp1/nios2eds/bin/gnu/h-i686-mingw32/bin/../lib/gcc/nios2-elf/4.1.2/../../../../nios2-elf/lib/mno-hw-mul\libc.a(lib_a-__call_atexit.o)
 .debug_aranges
                0x000008b8       0x20 ../example_bsp/\libhal_bsp.a(alt_exit.o)

.debug_pubnames
                0x00000000      0xd1a
 *(.debug_pubnames)
 .debug_pubnames
                0x00000000       0x1b obj/default/hello_world.o
 .debug_pubnames
                0x0000001b       0x27 c:/altera/13.0sp1/nios2eds/bin/gnu/h-i686-mingw32/bin/../lib/gcc/nios2-elf/4.1.2/../../../../nios2-elf/lib/mno-hw-mul\libc.a(lib_a-puts.o)
 .debug_pubnames
                0x00000042       0x1d c:/altera/13.0sp1/nios2eds/bin/gnu/h-i686-mingw32/bin/../lib/gcc/nios2-elf/4.1.2/../../../../nios2-elf/lib/mno-hw-mul\libc.a(lib_a-strlen.o)
 .debug_pubnames
                0x0000005f       0x23 c:/altera/13.0sp1/nios2eds/bin/gnu/h-i686-mingw32/bin/../lib/gcc/nios2-elf/4.1.2/../../../../nios2-elf/lib/mno-hw-mul\libc.a(lib_a-fvwrite.o)
 .debug_pubnames
                0x00000082       0x39 c:/altera/13.0sp1/nios2eds/bin/gnu/h-i686-mingw32/bin/../lib/gcc/nios2-elf/4.1.2/../../../../nios2-elf/lib/mno-hw-mul\libc.a(lib_a-impure.o)
 .debug_pubnames
                0x000000bb       0xce c:/altera/13.0sp1/nios2eds/bin/gnu/h-i686-mingw32/bin/../lib/gcc/nios2-elf/4.1.2/../../../../nios2-elf/lib/mno-hw-mul\libc.a(lib_a-mallocr.o)
 .debug_pubnames
                0x00000189       0x1d c:/altera/13.0sp1/nios2eds/bin/gnu/h-i686-mingw32/bin/../lib/gcc/nios2-elf/4.1.2/../../../../nios2-elf/lib/mno-hw-mul\libc.a(lib_a-memchr.o)
 .debug_pubnames
                0x000001a6       0x1d c:/altera/13.0sp1/nios2eds/bin/gnu/h-i686-mingw32/bin/../lib/gcc/nios2-elf/4.1.2/../../../../nios2-elf/lib/mno-hw-mul\libc.a(lib_a-memcpy.o)
 .debug_pubnames
                0x000001c3       0x1e c:/altera/13.0sp1/nios2eds/bin/gnu/h-i686-mingw32/bin/../lib/gcc/nios2-elf/4.1.2/../../../../nios2-elf/lib/mno-hw-mul\libc.a(lib_a-memmove.o)
 .debug_pubnames
                0x000001e1       0x21 c:/altera/13.0sp1/nios2eds/bin/gnu/h-i686-mingw32/bin/../lib/gcc/nios2-elf/4.1.2/../../../../nios2-elf/lib/mno-hw-mul\libc.a(lib_a-reallocr.o)
 .debug_pubnames
                0x00000202       0x1e c:/altera/13.0sp1/nios2eds/bin/gnu/h-i686-mingw32/bin/../lib/gcc/nios2-elf/4.1.2/../../../../nios2-elf/lib/mno-hw-mul\libc.a(lib_a-sbrkr.o)
 .debug_pubnames
                0x00000220       0x22 c:/altera/13.0sp1/nios2eds/bin/gnu/h-i686-mingw32/bin/../lib/gcc/nios2-elf/4.1.2/../../../../nios2-elf/lib/mno-hw-mul\libc.a(lib_a-wsetup.o)
 .debug_pubnames
                0x00000242       0x2b c:/altera/13.0sp1/nios2eds/bin/gnu/h-i686-mingw32/bin/../lib/gcc/nios2-elf/4.1.2/../../../../nios2-elf/lib/mno-hw-mul\libc.a(lib_a-fflush.o)
 .debug_pubnames
                0x0000026d       0xdb c:/altera/13.0sp1/nios2eds/bin/gnu/h-i686-mingw32/bin/../lib/gcc/nios2-elf/4.1.2/../../../../nios2-elf/lib/mno-hw-mul\libc.a(lib_a-findfp.o)
 .debug_pubnames
                0x00000348       0x31 c:/altera/13.0sp1/nios2eds/bin/gnu/h-i686-mingw32/bin/../lib/gcc/nios2-elf/4.1.2/../../../../nios2-elf/lib/mno-hw-mul\libc.a(lib_a-freer.o)
 .debug_pubnames
                0x00000379       0x2e c:/altera/13.0sp1/nios2eds/bin/gnu/h-i686-mingw32/bin/../lib/gcc/nios2-elf/4.1.2/../../../../nios2-elf/lib/mno-hw-mul\libc.a(lib_a-fwalk.o)
 .debug_pubnames
                0x000003a7       0x1c c:/altera/13.0sp1/nios2eds/bin/gnu/h-i686-mingw32/bin/../lib/gcc/nios2-elf/4.1.2/../../../../nios2-elf/lib/mno-hw-mul\libc.a(lib_a-int_errno.o)
 .debug_pubnames
                0x000003c3       0x23 c:/altera/13.0sp1/nios2eds/bin/gnu/h-i686-mingw32/bin/../lib/gcc/nios2-elf/4.1.2/../../../../nios2-elf/lib/mno-hw-mul\libc.a(lib_a-makebuf.o)
 .debug_pubnames
                0x000003e6       0x1d c:/altera/13.0sp1/nios2eds/bin/gnu/h-i686-mingw32/bin/../lib/gcc/nios2-elf/4.1.2/../../../../nios2-elf/lib/mno-hw-mul\libc.a(lib_a-memset.o)
 .debug_pubnames
                0x00000403       0x44 c:/altera/13.0sp1/nios2eds/bin/gnu/h-i686-mingw32/bin/../lib/gcc/nios2-elf/4.1.2/../../../../nios2-elf/lib/mno-hw-mul\libc.a(lib_a-stdio.o)
 .debug_pubnames
                0x00000447       0x1f c:/altera/13.0sp1/nios2eds/bin/gnu/h-i686-mingw32/bin/../lib/gcc/nios2-elf/4.1.2/../../../../nios2-elf/lib/mno-hw-mul\libc.a(lib_a-writer.o)
 .debug_pubnames
                0x00000466       0x1f c:/altera/13.0sp1/nios2eds/bin/gnu/h-i686-mingw32/bin/../lib/gcc/nios2-elf/4.1.2/../../../../nios2-elf/lib/mno-hw-mul\libc.a(lib_a-closer.o)
 .debug_pubnames
                0x00000485       0x2b c:/altera/13.0sp1/nios2eds/bin/gnu/h-i686-mingw32/bin/../lib/gcc/nios2-elf/4.1.2/../../../../nios2-elf/lib/mno-hw-mul\libc.a(lib_a-fclose.o)
 .debug_pubnames
                0x000004b0       0x1f c:/altera/13.0sp1/nios2eds/bin/gnu/h-i686-mingw32/bin/../lib/gcc/nios2-elf/4.1.2/../../../../nios2-elf/lib/mno-hw-mul\libc.a(lib_a-fstatr.o)
 .debug_pubnames
                0x000004cf       0x20 c:/altera/13.0sp1/nios2eds/bin/gnu/h-i686-mingw32/bin/../lib/gcc/nios2-elf/4.1.2/../../../../nios2-elf/lib/mno-hw-mul\libc.a(lib_a-isattyr.o)
 .debug_pubnames
                0x000004ef       0x1f c:/altera/13.0sp1/nios2eds/bin/gnu/h-i686-mingw32/bin/../lib/gcc/nios2-elf/4.1.2/../../../../nios2-elf/lib/mno-hw-mul\libc.a(lib_a-lseekr.o)
 .debug_pubnames
                0x0000050e       0x1e c:/altera/13.0sp1/nios2eds/bin/gnu/h-i686-mingw32/bin/../lib/gcc/nios2-elf/4.1.2/../../../../nios2-elf/lib/mno-hw-mul\libc.a(lib_a-readr.o)
 .debug_pubnames
                0x0000052c       0x1f c:/altera/13.0sp1/nios2eds/bin/gnu/h-i686-mingw32/bin/../lib/gcc/nios2-elf/4.1.2/mno-hw-mul\libgcc.a(lib2-mul.o)
 .debug_pubnames
                0x0000054b       0x1c ../example_bsp/\libhal_bsp.a(alt_close.o)
 .debug_pubnames
                0x00000567       0x63 ../example_bsp/\libhal_bsp.a(alt_dev.o)
 .debug_pubnames
                0x000005ca       0x20 ../example_bsp/\libhal_bsp.a(alt_errno.o)
 .debug_pubnames
                0x000005ea       0x1c ../example_bsp/\libhal_bsp.a(alt_fstat.o)
 .debug_pubnames
                0x00000606       0x1d ../example_bsp/\libhal_bsp.a(alt_isatty.o)
 .debug_pubnames
                0x00000623       0x1f ../example_bsp/\libhal_bsp.a(alt_load.o)
 .debug_pubnames
                0x00000642       0x1c ../example_bsp/\libhal_bsp.a(alt_lseek.o)
 .debug_pubnames
                0x0000065e       0x46 ../example_bsp/\libhal_bsp.a(alt_main.o)
 .debug_pubnames
                0x000006a4       0x38 ../example_bsp/\libhal_bsp.a(alt_malloc_lock.o)
 .debug_pubnames
                0x000006dc       0x1b ../example_bsp/\libhal_bsp.a(alt_read.o)
 .debug_pubnames
                0x000006f7       0x25 ../example_bsp/\libhal_bsp.a(alt_release_fd.o)
 .debug_pubnames
                0x0000071c       0x1b ../example_bsp/\libhal_bsp.a(alt_sbrk.o)
 .debug_pubnames
                0x00000737       0x1c ../example_bsp/\libhal_bsp.a(alt_write.o)
 .debug_pubnames
                0x00000753       0x34 ../example_bsp/\libhal_bsp.a(alt_sys_init.o)
 .debug_pubnames
                0x00000787       0xa5 ../example_bsp/\libhal_bsp.a(altera_avalon_jtag_uart_fd.o)
 .debug_pubnames
                0x0000082c       0x55 ../example_bsp/\libhal_bsp.a(altera_avalon_jtag_uart_init.o)
 .debug_pubnames
                0x00000881       0x34 ../example_bsp/\libhal_bsp.a(altera_avalon_jtag_uart_ioctl.o)
 .debug_pubnames
                0x000008b5       0x33 ../example_bsp/\libhal_bsp.a(altera_avalon_jtag_uart_read.o)
 .debug_pubnames
                0x000008e8       0x34 ../example_bsp/\libhal_bsp.a(altera_avalon_jtag_uart_write.o)
 .debug_pubnames
                0x0000091c       0x26 ../example_bsp/\libhal_bsp.a(alt_alarm_start.o)
 .debug_pubnames
                0x00000942       0x2b ../example_bsp/\libhal_bsp.a(alt_dcache_flush_all.o)
 .debug_pubnames
                0x0000096d       0x2b ../example_bsp/\libhal_bsp.a(alt_dev_llist_insert.o)
 .debug_pubnames
                0x00000998       0x20 ../example_bsp/\libhal_bsp.a(alt_do_ctors.o)
 .debug_pubnames
                0x000009b8       0x20 ../example_bsp/\libhal_bsp.a(alt_do_dtors.o)
 .debug_pubnames
                0x000009d8       0x2b ../example_bsp/\libhal_bsp.a(alt_icache_flush_all.o)
 .debug_pubnames
                0x00000a03       0x6e ../example_bsp/\libhal_bsp.a(alt_iic.o)
 .debug_pubnames
                0x00000a71       0x2b ../example_bsp/\libhal_bsp.a(alt_iic_isr_register.o)
 .debug_pubnames
                0x00000a9c       0x26 ../example_bsp/\libhal_bsp.a(alt_io_redirect.o)
 .debug_pubnames
                0x00000ac2       0x32 ../example_bsp/\libhal_bsp.a(alt_irq_handler.o)
 .debug_pubnames
                0x00000af4       0x3b ../example_bsp/\libhal_bsp.a(alt_irq_vars.o)
 .debug_pubnames
                0x00000b2f       0x1b ../example_bsp/\libhal_bsp.a(alt_open.o)
 .debug_pubnames
                0x00000b4a       0x68 ../example_bsp/\libhal_bsp.a(alt_tick.o)
 .debug_pubnames
                0x00000bb2       0x31 ../example_bsp/\libhal_bsp.a(altera_nios2_qsys_irq.o)
 .debug_pubnames
                0x00000be3       0x23 ../example_bsp/\libhal_bsp.a(alt_find_dev.o)
 .debug_pubnames
                0x00000c06       0x24 ../example_bsp/\libhal_bsp.a(alt_find_file.o)
 .debug_pubnames
                0x00000c2a       0x21 ../example_bsp/\libhal_bsp.a(alt_get_fd.o)
 .debug_pubnames
                0x00000c4b       0x2a c:/altera/13.0sp1/nios2eds/bin/gnu/h-i686-mingw32/bin/../lib/gcc/nios2-elf/4.1.2/../../../../nios2-elf/lib/mno-hw-mul\libc.a(lib_a-atexit.o)
 .debug_pubnames
                0x00000c75       0x1b c:/altera/13.0sp1/nios2eds/bin/gnu/h-i686-mingw32/bin/../lib/gcc/nios2-elf/4.1.2/../../../../nios2-elf/lib/mno-hw-mul\libc.a(lib_a-exit.o)
 .debug_pubnames
                0x00000c90       0x1d c:/altera/13.0sp1/nios2eds/bin/gnu/h-i686-mingw32/bin/../lib/gcc/nios2-elf/4.1.2/../../../../nios2-elf/lib/mno-hw-mul\libc.a(lib_a-memcmp.o)
 .debug_pubnames
                0x00000cad       0x2a c:/altera/13.0sp1/nios2eds/bin/gnu/h-i686-mingw32/bin/../lib/gcc/nios2-elf/4.1.2/../../../../nios2-elf/lib/mno-hw-mul\libc.a(lib_a-__atexit.o)
 .debug_pubnames
                0x00000cd7       0x27 c:/altera/13.0sp1/nios2eds/bin/gnu/h-i686-mingw32/bin/../lib/gcc/nios2-elf/4.1.2/../../../../nios2-elf/lib/mno-hw-mul\libc.a(lib_a-__call_atexit.o)
 .debug_pubnames
                0x00000cfe       0x1c ../example_bsp/\libhal_bsp.a(alt_exit.o)

.debug_info     0x00000000    0x191ce
 *(.debug_info .gnu.linkonce.wi.*)
 .debug_info    0x00000000       0x6b ../example_bsp//obj/HAL/src/crt0.o
 .debug_info    0x0000006b      0x12a obj/default/hello_world.o
 .debug_info    0x00000195      0xa25 c:/altera/13.0sp1/nios2eds/bin/gnu/h-i686-mingw32/bin/../lib/gcc/nios2-elf/4.1.2/../../../../nios2-elf/lib/mno-hw-mul\libc.a(lib_a-puts.o)
 .debug_info    0x00000bba       0xdb c:/altera/13.0sp1/nios2eds/bin/gnu/h-i686-mingw32/bin/../lib/gcc/nios2-elf/4.1.2/../../../../nios2-elf/lib/mno-hw-mul\libc.a(lib_a-strlen.o)
 .debug_info    0x00000c95      0xa88 c:/altera/13.0sp1/nios2eds/bin/gnu/h-i686-mingw32/bin/../lib/gcc/nios2-elf/4.1.2/../../../../nios2-elf/lib/mno-hw-mul\libc.a(lib_a-fvwrite.o)
 .debug_info    0x0000171d      0x93d c:/altera/13.0sp1/nios2eds/bin/gnu/h-i686-mingw32/bin/../lib/gcc/nios2-elf/4.1.2/../../../../nios2-elf/lib/mno-hw-mul\libc.a(lib_a-impure.o)
 .debug_info    0x0000205a      0xcd0 c:/altera/13.0sp1/nios2eds/bin/gnu/h-i686-mingw32/bin/../lib/gcc/nios2-elf/4.1.2/../../../../nios2-elf/lib/mno-hw-mul\libc.a(lib_a-mallocr.o)
 .debug_info    0x00002d2a      0x138 c:/altera/13.0sp1/nios2eds/bin/gnu/h-i686-mingw32/bin/../lib/gcc/nios2-elf/4.1.2/../../../../nios2-elf/lib/mno-hw-mul\libc.a(lib_a-memchr.o)
 .debug_info    0x00002e62      0x106 c:/altera/13.0sp1/nios2eds/bin/gnu/h-i686-mingw32/bin/../lib/gcc/nios2-elf/4.1.2/../../../../nios2-elf/lib/mno-hw-mul\libc.a(lib_a-memcpy.o)
 .debug_info    0x00002f68      0x13e c:/altera/13.0sp1/nios2eds/bin/gnu/h-i686-mingw32/bin/../lib/gcc/nios2-elf/4.1.2/../../../../nios2-elf/lib/mno-hw-mul\libc.a(lib_a-memmove.o)
 .debug_info    0x000030a6      0xbd7 c:/altera/13.0sp1/nios2eds/bin/gnu/h-i686-mingw32/bin/../lib/gcc/nios2-elf/4.1.2/../../../../nios2-elf/lib/mno-hw-mul\libc.a(lib_a-reallocr.o)
 .debug_info    0x00003c7d      0x962 c:/altera/13.0sp1/nios2eds/bin/gnu/h-i686-mingw32/bin/../lib/gcc/nios2-elf/4.1.2/../../../../nios2-elf/lib/mno-hw-mul\libc.a(lib_a-sbrkr.o)
 .debug_info    0x000045df      0x95d c:/altera/13.0sp1/nios2eds/bin/gnu/h-i686-mingw32/bin/../lib/gcc/nios2-elf/4.1.2/../../../../nios2-elf/lib/mno-hw-mul\libc.a(lib_a-wsetup.o)
 .debug_info    0x00004f3c      0x9fe c:/altera/13.0sp1/nios2eds/bin/gnu/h-i686-mingw32/bin/../lib/gcc/nios2-elf/4.1.2/../../../../nios2-elf/lib/mno-hw-mul\libc.a(lib_a-fflush.o)
 .debug_info    0x0000593a      0xb72 c:/altera/13.0sp1/nios2eds/bin/gnu/h-i686-mingw32/bin/../lib/gcc/nios2-elf/4.1.2/../../../../nios2-elf/lib/mno-hw-mul\libc.a(lib_a-findfp.o)
 .debug_info    0x000064ac      0xbc9 c:/altera/13.0sp1/nios2eds/bin/gnu/h-i686-mingw32/bin/../lib/gcc/nios2-elf/4.1.2/../../../../nios2-elf/lib/mno-hw-mul\libc.a(lib_a-freer.o)
 .debug_info    0x00007075      0xaed c:/altera/13.0sp1/nios2eds/bin/gnu/h-i686-mingw32/bin/../lib/gcc/nios2-elf/4.1.2/../../../../nios2-elf/lib/mno-hw-mul\libc.a(lib_a-fwalk.o)
 .debug_info    0x00007b62       0x8c c:/altera/13.0sp1/nios2eds/bin/gnu/h-i686-mingw32/bin/../lib/gcc/nios2-elf/4.1.2/../../../../nios2-elf/lib/mno-hw-mul\libc.a(lib_a-int_errno.o)
 .debug_info    0x00007bee      0xb1a c:/altera/13.0sp1/nios2eds/bin/gnu/h-i686-mingw32/bin/../lib/gcc/nios2-elf/4.1.2/../../../../nios2-elf/lib/mno-hw-mul\libc.a(lib_a-makebuf.o)
 .debug_info    0x00008708      0x113 c:/altera/13.0sp1/nios2eds/bin/gnu/h-i686-mingw32/bin/../lib/gcc/nios2-elf/4.1.2/../../../../nios2-elf/lib/mno-hw-mul\libc.a(lib_a-memset.o)
 .debug_info    0x0000881b      0xaac c:/altera/13.0sp1/nios2eds/bin/gnu/h-i686-mingw32/bin/../lib/gcc/nios2-elf/4.1.2/../../../../nios2-elf/lib/mno-hw-mul\libc.a(lib_a-stdio.o)
 .debug_info    0x000092c7      0x993 c:/altera/13.0sp1/nios2eds/bin/gnu/h-i686-mingw32/bin/../lib/gcc/nios2-elf/4.1.2/../../../../nios2-elf/lib/mno-hw-mul\libc.a(lib_a-writer.o)
 .debug_info    0x00009c5a      0x958 c:/altera/13.0sp1/nios2eds/bin/gnu/h-i686-mingw32/bin/../lib/gcc/nios2-elf/4.1.2/../../../../nios2-elf/lib/mno-hw-mul\libc.a(lib_a-closer.o)
 .debug_info    0x0000a5b2      0x994 c:/altera/13.0sp1/nios2eds/bin/gnu/h-i686-mingw32/bin/../lib/gcc/nios2-elf/4.1.2/../../../../nios2-elf/lib/mno-hw-mul\libc.a(lib_a-fclose.o)
 .debug_info    0x0000af46      0xafc c:/altera/13.0sp1/nios2eds/bin/gnu/h-i686-mingw32/bin/../lib/gcc/nios2-elf/4.1.2/../../../../nios2-elf/lib/mno-hw-mul\libc.a(lib_a-fstatr.o)
 .debug_info    0x0000ba42      0x958 c:/altera/13.0sp1/nios2eds/bin/gnu/h-i686-mingw32/bin/../lib/gcc/nios2-elf/4.1.2/../../../../nios2-elf/lib/mno-hw-mul\libc.a(lib_a-isattyr.o)
 .debug_info    0x0000c39a      0x981 c:/altera/13.0sp1/nios2eds/bin/gnu/h-i686-mingw32/bin/../lib/gcc/nios2-elf/4.1.2/../../../../nios2-elf/lib/mno-hw-mul\libc.a(lib_a-lseekr.o)
 .debug_info    0x0000cd1b      0x98c c:/altera/13.0sp1/nios2eds/bin/gnu/h-i686-mingw32/bin/../lib/gcc/nios2-elf/4.1.2/../../../../nios2-elf/lib/mno-hw-mul\libc.a(lib_a-readr.o)
 .debug_info    0x0000d6a7       0xf3 c:/altera/13.0sp1/nios2eds/bin/gnu/h-i686-mingw32/bin/../lib/gcc/nios2-elf/4.1.2/mno-hw-mul\libgcc.a(lib2-mul.o)
 .debug_info    0x0000d79a      0x457 ../example_bsp/\libhal_bsp.a(alt_close.o)
 .debug_info    0x0000dbf1      0x66f ../example_bsp/\libhal_bsp.a(alt_dev.o)
 .debug_info    0x0000e260      0x154 ../example_bsp/\libhal_bsp.a(alt_errno.o)
 .debug_info    0x0000e3b4      0x650 ../example_bsp/\libhal_bsp.a(alt_fstat.o)
 .debug_info    0x0000ea04      0x656 ../example_bsp/\libhal_bsp.a(alt_isatty.o)
 .debug_info    0x0000f05a      0x27d ../example_bsp/\libhal_bsp.a(alt_load.o)
 .debug_info    0x0000f2d7      0x48a ../example_bsp/\libhal_bsp.a(alt_lseek.o)
 .debug_info    0x0000f761      0x215 ../example_bsp/\libhal_bsp.a(alt_main.o)
 .debug_info    0x0000f976      0xc08 ../example_bsp/\libhal_bsp.a(alt_malloc_lock.o)
 .debug_info    0x0001057e      0x67a ../example_bsp/\libhal_bsp.a(alt_read.o)
 .debug_info    0x00010bf8      0x3e2 ../example_bsp/\libhal_bsp.a(alt_release_fd.o)
 .debug_info    0x00010fda      0x2a7 ../example_bsp/\libhal_bsp.a(alt_sbrk.o)
 .debug_info    0x00011281      0x683 ../example_bsp/\libhal_bsp.a(alt_write.o)
 .debug_info    0x00011904      0x6c8 ../example_bsp/\libhal_bsp.a(alt_sys_init.o)
 .debug_info    0x00011fcc      0x7c9 ../example_bsp/\libhal_bsp.a(altera_avalon_jtag_uart_fd.o)
 .debug_info    0x00012795      0x5f1 ../example_bsp/\libhal_bsp.a(altera_avalon_jtag_uart_init.o)
 .debug_info    0x00012d86      0x433 ../example_bsp/\libhal_bsp.a(altera_avalon_jtag_uart_ioctl.o)
 .debug_info    0x000131b9      0x536 ../example_bsp/\libhal_bsp.a(altera_avalon_jtag_uart_read.o)
 .debug_info    0x000136ef      0x52e ../example_bsp/\libhal_bsp.a(altera_avalon_jtag_uart_write.o)
 .debug_info    0x00013c1d      0x432 ../example_bsp/\libhal_bsp.a(alt_alarm_start.o)
 .debug_info    0x0001404f      0x14c ../example_bsp/\libhal_bsp.a(alt_dcache_flush_all.o)
 .debug_info    0x0001419b      0x2a7 ../example_bsp/\libhal_bsp.a(alt_dev_llist_insert.o)
 .debug_info    0x00014442       0xff ../example_bsp/\libhal_bsp.a(alt_do_ctors.o)
 .debug_info    0x00014541       0xfe ../example_bsp/\libhal_bsp.a(alt_do_dtors.o)
 .debug_info    0x0001463f      0x14c ../example_bsp/\libhal_bsp.a(alt_icache_flush_all.o)
 .debug_info    0x0001478b      0x483 ../example_bsp/\libhal_bsp.a(alt_iic.o)
 .debug_info    0x00014c0e      0x304 ../example_bsp/\libhal_bsp.a(alt_iic_isr_register.o)
 .debug_info    0x00014f12      0x685 ../example_bsp/\libhal_bsp.a(alt_io_redirect.o)
 .debug_info    0x00015597       0x74 ../example_bsp/\libhal_bsp.a(alt_irq_entry.o)
 .debug_info    0x0001560b      0x265 ../example_bsp/\libhal_bsp.a(alt_irq_handler.o)
 .debug_info    0x00015870      0x157 ../example_bsp/\libhal_bsp.a(alt_irq_vars.o)
 .debug_info    0x000159c7      0x515 ../example_bsp/\libhal_bsp.a(alt_open.o)
 .debug_info    0x00015edc      0x3ee ../example_bsp/\libhal_bsp.a(alt_tick.o)
 .debug_info    0x000162ca      0x153 ../example_bsp/\libhal_bsp.a(altera_nios2_qsys_irq.o)
 .debug_info    0x0001641d       0x7a ../example_bsp/\libhal_bsp.a(alt_exception_entry.o)
 .debug_info    0x00016497      0x408 ../example_bsp/\libhal_bsp.a(alt_find_dev.o)
 .debug_info    0x0001689f      0x40f ../example_bsp/\libhal_bsp.a(alt_find_file.o)
 .debug_info    0x00016cae      0x450 ../example_bsp/\libhal_bsp.a(alt_get_fd.o)
 .debug_info    0x000170fe      0x181 c:/altera/13.0sp1/nios2eds/bin/gnu/h-i686-mingw32/bin/../lib/gcc/nios2-elf/4.1.2/../../../../nios2-elf/lib/mno-hw-mul\libc.a(lib_a-atexit.o)
 .debug_info    0x0001727f      0x93f c:/altera/13.0sp1/nios2eds/bin/gnu/h-i686-mingw32/bin/../lib/gcc/nios2-elf/4.1.2/../../../../nios2-elf/lib/mno-hw-mul\libc.a(lib_a-exit.o)
 .debug_info    0x00017bbe      0x115 c:/altera/13.0sp1/nios2eds/bin/gnu/h-i686-mingw32/bin/../lib/gcc/nios2-elf/4.1.2/../../../../nios2-elf/lib/mno-hw-mul\libc.a(lib_a-memcmp.o)
 .debug_info    0x00017cd3      0x99c c:/altera/13.0sp1/nios2eds/bin/gnu/h-i686-mingw32/bin/../lib/gcc/nios2-elf/4.1.2/../../../../nios2-elf/lib/mno-hw-mul\libc.a(lib_a-__atexit.o)
 .debug_info    0x0001866f      0x9e2 c:/altera/13.0sp1/nios2eds/bin/gnu/h-i686-mingw32/bin/../lib/gcc/nios2-elf/4.1.2/../../../../nios2-elf/lib/mno-hw-mul\libc.a(lib_a-__call_atexit.o)
 .debug_info    0x00019051      0x17d ../example_bsp/\libhal_bsp.a(alt_exit.o)

.debug_abbrev   0x00000000     0x4dcc
 *(.debug_abbrev)
 .debug_abbrev  0x00000000       0x12 ../example_bsp//obj/HAL/src/crt0.o
 .debug_abbrev  0x00000012       0x3f obj/default/hello_world.o
 .debug_abbrev  0x00000051      0x1ac c:/altera/13.0sp1/nios2eds/bin/gnu/h-i686-mingw32/bin/../lib/gcc/nios2-elf/4.1.2/../../../../nios2-elf/lib/mno-hw-mul\libc.a(lib_a-puts.o)
 .debug_abbrev  0x000001fd       0x8b c:/altera/13.0sp1/nios2eds/bin/gnu/h-i686-mingw32/bin/../lib/gcc/nios2-elf/4.1.2/../../../../nios2-elf/lib/mno-hw-mul\libc.a(lib_a-strlen.o)
 .debug_abbrev  0x00000288      0x1a3 c:/altera/13.0sp1/nios2eds/bin/gnu/h-i686-mingw32/bin/../lib/gcc/nios2-elf/4.1.2/../../../../nios2-elf/lib/mno-hw-mul\libc.a(lib_a-fvwrite.o)
 .debug_abbrev  0x0000042b      0x157 c:/altera/13.0sp1/nios2eds/bin/gnu/h-i686-mingw32/bin/../lib/gcc/nios2-elf/4.1.2/../../../../nios2-elf/lib/mno-hw-mul\libc.a(lib_a-impure.o)
 .debug_abbrev  0x00000582      0x216 c:/altera/13.0sp1/nios2eds/bin/gnu/h-i686-mingw32/bin/../lib/gcc/nios2-elf/4.1.2/../../../../nios2-elf/lib/mno-hw-mul\libc.a(lib_a-mallocr.o)
 .debug_abbrev  0x00000798       0xb5 c:/altera/13.0sp1/nios2eds/bin/gnu/h-i686-mingw32/bin/../lib/gcc/nios2-elf/4.1.2/../../../../nios2-elf/lib/mno-hw-mul\libc.a(lib_a-memchr.o)
 .debug_abbrev  0x0000084d       0xb5 c:/altera/13.0sp1/nios2eds/bin/gnu/h-i686-mingw32/bin/../lib/gcc/nios2-elf/4.1.2/../../../../nios2-elf/lib/mno-hw-mul\libc.a(lib_a-memcpy.o)
 .debug_abbrev  0x00000902       0xb5 c:/altera/13.0sp1/nios2eds/bin/gnu/h-i686-mingw32/bin/../lib/gcc/nios2-elf/4.1.2/../../../../nios2-elf/lib/mno-hw-mul\libc.a(lib_a-memmove.o)
 .debug_abbrev  0x000009b7      0x1c3 c:/altera/13.0sp1/nios2eds/bin/gnu/h-i686-mingw32/bin/../lib/gcc/nios2-elf/4.1.2/../../../../nios2-elf/lib/mno-hw-mul\libc.a(lib_a-reallocr.o)
 .debug_abbrev  0x00000b7a      0x18c c:/altera/13.0sp1/nios2eds/bin/gnu/h-i686-mingw32/bin/../lib/gcc/nios2-elf/4.1.2/../../../../nios2-elf/lib/mno-hw-mul\libc.a(lib_a-sbrkr.o)
 .debug_abbrev  0x00000d06      0x170 c:/altera/13.0sp1/nios2eds/bin/gnu/h-i686-mingw32/bin/../lib/gcc/nios2-elf/4.1.2/../../../../nios2-elf/lib/mno-hw-mul\libc.a(lib_a-wsetup.o)
 .debug_abbrev  0x00000e76      0x1c6 c:/altera/13.0sp1/nios2eds/bin/gnu/h-i686-mingw32/bin/../lib/gcc/nios2-elf/4.1.2/../../../../nios2-elf/lib/mno-hw-mul\libc.a(lib_a-fflush.o)
 .debug_abbrev  0x0000103c      0x24c c:/altera/13.0sp1/nios2eds/bin/gnu/h-i686-mingw32/bin/../lib/gcc/nios2-elf/4.1.2/../../../../nios2-elf/lib/mno-hw-mul\libc.a(lib_a-findfp.o)
 .debug_abbrev  0x00001288      0x1d9 c:/altera/13.0sp1/nios2eds/bin/gnu/h-i686-mingw32/bin/../lib/gcc/nios2-elf/4.1.2/../../../../nios2-elf/lib/mno-hw-mul\libc.a(lib_a-freer.o)
 .debug_abbrev  0x00001461      0x1e3 c:/altera/13.0sp1/nios2eds/bin/gnu/h-i686-mingw32/bin/../lib/gcc/nios2-elf/4.1.2/../../../../nios2-elf/lib/mno-hw-mul\libc.a(lib_a-fwalk.o)
 .debug_abbrev  0x00001644       0x3b c:/altera/13.0sp1/nios2eds/bin/gnu/h-i686-mingw32/bin/../lib/gcc/nios2-elf/4.1.2/../../../../nios2-elf/lib/mno-hw-mul\libc.a(lib_a-int_errno.o)
 .debug_abbrev  0x0000167f      0x197 c:/altera/13.0sp1/nios2eds/bin/gnu/h-i686-mingw32/bin/../lib/gcc/nios2-elf/4.1.2/../../../../nios2-elf/lib/mno-hw-mul\libc.a(lib_a-makebuf.o)
 .debug_abbrev  0x00001816       0xb8 c:/altera/13.0sp1/nios2eds/bin/gnu/h-i686-mingw32/bin/../lib/gcc/nios2-elf/4.1.2/../../../../nios2-elf/lib/mno-hw-mul\libc.a(lib_a-memset.o)
 .debug_abbrev  0x000018ce      0x1c9 c:/altera/13.0sp1/nios2eds/bin/gnu/h-i686-mingw32/bin/../lib/gcc/nios2-elf/4.1.2/../../../../nios2-elf/lib/mno-hw-mul\libc.a(lib_a-stdio.o)
 .debug_abbrev  0x00001a97      0x184 c:/altera/13.0sp1/nios2eds/bin/gnu/h-i686-mingw32/bin/../lib/gcc/nios2-elf/4.1.2/../../../../nios2-elf/lib/mno-hw-mul\libc.a(lib_a-writer.o)
 .debug_abbrev  0x00001c1b      0x17f c:/altera/13.0sp1/nios2eds/bin/gnu/h-i686-mingw32/bin/../lib/gcc/nios2-elf/4.1.2/../../../../nios2-elf/lib/mno-hw-mul\libc.a(lib_a-closer.o)
 .debug_abbrev  0x00001d9a      0x1a7 c:/altera/13.0sp1/nios2eds/bin/gnu/h-i686-mingw32/bin/../lib/gcc/nios2-elf/4.1.2/../../../../nios2-elf/lib/mno-hw-mul\libc.a(lib_a-fclose.o)
 .debug_abbrev  0x00001f41      0x18e c:/altera/13.0sp1/nios2eds/bin/gnu/h-i686-mingw32/bin/../lib/gcc/nios2-elf/4.1.2/../../../../nios2-elf/lib/mno-hw-mul\libc.a(lib_a-fstatr.o)
 .debug_abbrev  0x000020cf      0x17f c:/altera/13.0sp1/nios2eds/bin/gnu/h-i686-mingw32/bin/../lib/gcc/nios2-elf/4.1.2/../../../../nios2-elf/lib/mno-hw-mul\libc.a(lib_a-isattyr.o)
 .debug_abbrev  0x0000224e      0x18e c:/altera/13.0sp1/nios2eds/bin/gnu/h-i686-mingw32/bin/../lib/gcc/nios2-elf/4.1.2/../../../../nios2-elf/lib/mno-hw-mul\libc.a(lib_a-lseekr.o)
 .debug_abbrev  0x000023dc      0x17f c:/altera/13.0sp1/nios2eds/bin/gnu/h-i686-mingw32/bin/../lib/gcc/nios2-elf/4.1.2/../../../../nios2-elf/lib/mno-hw-mul\libc.a(lib_a-readr.o)
 .debug_abbrev  0x0000255b       0x7b c:/altera/13.0sp1/nios2eds/bin/gnu/h-i686-mingw32/bin/../lib/gcc/nios2-elf/4.1.2/mno-hw-mul\libgcc.a(lib2-mul.o)
 .debug_abbrev  0x000025d6       0xfb ../example_bsp/\libhal_bsp.a(alt_close.o)
 .debug_abbrev  0x000026d1       0xc7 ../example_bsp/\libhal_bsp.a(alt_dev.o)
 .debug_abbrev  0x00002798       0x5e ../example_bsp/\libhal_bsp.a(alt_errno.o)
 .debug_abbrev  0x000027f6       0xfb ../example_bsp/\libhal_bsp.a(alt_fstat.o)
 .debug_abbrev  0x000028f1       0xfb ../example_bsp/\libhal_bsp.a(alt_isatty.o)
 .debug_abbrev  0x000029ec       0x88 ../example_bsp/\libhal_bsp.a(alt_load.o)
 .debug_abbrev  0x00002a74       0xfb ../example_bsp/\libhal_bsp.a(alt_lseek.o)
 .debug_abbrev  0x00002b6f       0xb7 ../example_bsp/\libhal_bsp.a(alt_main.o)
 .debug_abbrev  0x00002c26      0x181 ../example_bsp/\libhal_bsp.a(alt_malloc_lock.o)
 .debug_abbrev  0x00002da7       0xfb ../example_bsp/\libhal_bsp.a(alt_read.o)
 .debug_abbrev  0x00002ea2       0xc1 ../example_bsp/\libhal_bsp.a(alt_release_fd.o)
 .debug_abbrev  0x00002f63      0x115 ../example_bsp/\libhal_bsp.a(alt_sbrk.o)
 .debug_abbrev  0x00003078      0x100 ../example_bsp/\libhal_bsp.a(alt_write.o)
 .debug_abbrev  0x00003178      0x142 ../example_bsp/\libhal_bsp.a(alt_sys_init.o)
 .debug_abbrev  0x000032ba       0xf7 ../example_bsp/\libhal_bsp.a(altera_avalon_jtag_uart_fd.o)
 .debug_abbrev  0x000033b1      0x17c ../example_bsp/\libhal_bsp.a(altera_avalon_jtag_uart_init.o)
 .debug_abbrev  0x0000352d       0xf0 ../example_bsp/\libhal_bsp.a(altera_avalon_jtag_uart_ioctl.o)
 .debug_abbrev  0x0000361d      0x191 ../example_bsp/\libhal_bsp.a(altera_avalon_jtag_uart_read.o)
 .debug_abbrev  0x000037ae      0x18d ../example_bsp/\libhal_bsp.a(altera_avalon_jtag_uart_write.o)
 .debug_abbrev  0x0000393b      0x172 ../example_bsp/\libhal_bsp.a(alt_alarm_start.o)
 .debug_abbrev  0x00003aad       0x3f ../example_bsp/\libhal_bsp.a(alt_dcache_flush_all.o)
 .debug_abbrev  0x00003aec       0xf6 ../example_bsp/\libhal_bsp.a(alt_dev_llist_insert.o)
 .debug_abbrev  0x00003be2       0x76 ../example_bsp/\libhal_bsp.a(alt_do_ctors.o)
 .debug_abbrev  0x00003c58       0x76 ../example_bsp/\libhal_bsp.a(alt_do_dtors.o)
 .debug_abbrev  0x00003cce       0x3f ../example_bsp/\libhal_bsp.a(alt_icache_flush_all.o)
 .debug_abbrev  0x00003d0d      0x134 ../example_bsp/\libhal_bsp.a(alt_iic.o)
 .debug_abbrev  0x00003e41      0x14e ../example_bsp/\libhal_bsp.a(alt_iic_isr_register.o)
 .debug_abbrev  0x00003f8f       0xf0 ../example_bsp/\libhal_bsp.a(alt_io_redirect.o)
 .debug_abbrev  0x0000407f       0x12 ../example_bsp/\libhal_bsp.a(alt_irq_entry.o)
 .debug_abbrev  0x00004091      0x10c ../example_bsp/\libhal_bsp.a(alt_irq_handler.o)
 .debug_abbrev  0x0000419d       0x44 ../example_bsp/\libhal_bsp.a(alt_irq_vars.o)
 .debug_abbrev  0x000041e1      0x112 ../example_bsp/\libhal_bsp.a(alt_open.o)
 .debug_abbrev  0x000042f3      0x150 ../example_bsp/\libhal_bsp.a(alt_tick.o)
 .debug_abbrev  0x00004443       0x3f ../example_bsp/\libhal_bsp.a(altera_nios2_qsys_irq.o)
 .debug_abbrev  0x00004482       0x12 ../example_bsp/\libhal_bsp.a(alt_exception_entry.o)
 .debug_abbrev  0x00004494       0xcf ../example_bsp/\libhal_bsp.a(alt_find_dev.o)
 .debug_abbrev  0x00004563       0xcf ../example_bsp/\libhal_bsp.a(alt_find_file.o)
 .debug_abbrev  0x00004632       0xfb ../example_bsp/\libhal_bsp.a(alt_get_fd.o)
 .debug_abbrev  0x0000472d       0xb7 c:/altera/13.0sp1/nios2eds/bin/gnu/h-i686-mingw32/bin/../lib/gcc/nios2-elf/4.1.2/../../../../nios2-elf/lib/mno-hw-mul\libc.a(lib_a-atexit.o)
 .debug_abbrev  0x000047e4      0x16e c:/altera/13.0sp1/nios2eds/bin/gnu/h-i686-mingw32/bin/../lib/gcc/nios2-elf/4.1.2/../../../../nios2-elf/lib/mno-hw-mul\libc.a(lib_a-exit.o)
 .debug_abbrev  0x00004952       0x7c c:/altera/13.0sp1/nios2eds/bin/gnu/h-i686-mingw32/bin/../lib/gcc/nios2-elf/4.1.2/../../../../nios2-elf/lib/mno-hw-mul\libc.a(lib_a-memcmp.o)
 .debug_abbrev  0x000049ce      0x1ae c:/altera/13.0sp1/nios2eds/bin/gnu/h-i686-mingw32/bin/../lib/gcc/nios2-elf/4.1.2/../../../../nios2-elf/lib/mno-hw-mul\libc.a(lib_a-__atexit.o)
 .debug_abbrev  0x00004b7c      0x1de c:/altera/13.0sp1/nios2eds/bin/gnu/h-i686-mingw32/bin/../lib/gcc/nios2-elf/4.1.2/../../../../nios2-elf/lib/mno-hw-mul\libc.a(lib_a-__call_atexit.o)
 .debug_abbrev  0x00004d5a       0x72 ../example_bsp/\libhal_bsp.a(alt_exit.o)

.debug_line     0x00000000     0xc48d
 *(.debug_line)
 .debug_line    0x00000000       0x66 ../example_bsp//obj/HAL/src/crt0.o
 .debug_line    0x00000066      0x1c2 obj/default/hello_world.o
 .debug_line    0x00000228      0x2fa c:/altera/13.0sp1/nios2eds/bin/gnu/h-i686-mingw32/bin/../lib/gcc/nios2-elf/4.1.2/../../../../nios2-elf/lib/mno-hw-mul\libc.a(lib_a-puts.o)